2026-04-15 00:07:14,451 INFO 📊 Options analysis — 2026-04-15 00:07:14
2026-04-15 00:07:14,697 INFO   BTC: 876 book summaries
2026-04-15 00:07:15,239 INFO   ETH: 760 book summaries
2026-04-15 00:07:15,540 INFO   Analisando BTC…
2026-04-15 00:07:15,895 ERROR   BTC análise falhou: 400 Client Error: Bad Request for url: https://www.deribit.com/api/v2/public/get_instruments?currency=BTC&kind=option&expired=False
Traceback (most recent call last):
  File "/home/runner/work/Whale-Tracker1/Whale-Tracker1/options_analyzer.py", line 289, in run_options_analysis
    instruments = get_instruments(currency)
                  ^^^^^^^^^^^^^^^^^^^^^^^^^
  File "/home/runner/work/Whale-Tracker1/Whale-Tracker1/options_analyzer.py", line 89, in get_instruments
    instruments = _get('get_instruments', {'currency': currency, 'kind':'option', 'expired':False})
                  ^^^^^^^^^^^^^^^^^^^^^^^^^^^^^^^^^^^^^^^^^^^^^^^^^^^^^^^^^^^^^^^^^^^^^^^^^^^^^^^^^
  File "/home/runner/work/Whale-Tracker1/Whale-Tracker1/options_analyzer.py", line 39, in _get
    r.raise_for_status()
  File "/opt/hostedtoolcache/Python/3.11.15/x64/lib/python3.11/site-packages/requests/models.py", line 1028, in raise_for_status
    raise HTTPError(http_error_msg, response=self)
requests.exceptions.HTTPError: 400 Client Error: Bad Request for url: https://www.deribit.com/api/v2/public/get_instruments?currency=BTC&kind=option&expired=False
2026-04-15 00:07:15,898 INFO   Analisando ETH…
2026-04-15 00:07:16,281 ERROR   ETH análise falhou: 400 Client Error: Bad Request for url: https://www.deribit.com/api/v2/public/get_instruments?currency=ETH&kind=option&expired=False
Traceback (most recent call last):
  File "/home/runner/work/Whale-Tracker1/Whale-Tracker1/options_analyzer.py", line 289, in run_options_analysis
    instruments = get_instruments(currency)
                  ^^^^^^^^^^^^^^^^^^^^^^^^^
  File "/home/runner/work/Whale-Tracker1/Whale-Tracker1/options_analyzer.py", line 89, in get_instruments
    instruments = _get('get_instruments', {'currency': currency, 'kind':'option', 'expired':False})
                  ^^^^^^^^^^^^^^^^^^^^^^^^^^^^^^^^^^^^^^^^^^^^^^^^^^^^^^^^^^^^^^^^^^^^^^^^^^^^^^^^^
  File "/home/runner/work/Whale-Tracker1/Whale-Tracker1/options_analyzer.py", line 39, in _get
    r.raise_for_status()
  File "/opt/hostedtoolcache/Python/3.11.15/x64/lib/python3.11/site-packages/requests/models.py", line 1028, in raise_for_status
    raise HTTPError(http_error_msg, response=self)
requests.exceptions.HTTPError: 400 Client Error: Bad Request for url: https://www.deribit.com/api/v2/public/get_instruments?currency=ETH&kind=option&expired=False
2026-04-15 00:07:16,283 WARNING   BTC: gerando fallback estruturado
2026-04-15 00:07:16,283 WARNING   ETH: gerando fallback estruturado
2026-04-15 00:07:16,283 INFO   ✅ Salvo em /home/runner/work/Whale-Tracker1/Whale-Tracker1/data/options_data.json
2026-04-15 03:48:15,709 INFO 📊 Options analysis — 2026-04-15 03:48:15
2026-04-15 03:48:16,129 INFO   BTC: 876 book summaries
2026-04-15 03:48:16,716 INFO   ETH: 760 book summaries
2026-04-15 03:48:17,017 INFO   Analisando BTC…
2026-04-15 03:48:17,457 ERROR   BTC análise falhou: 400 Client Error: Bad Request for url: https://www.deribit.com/api/v2/public/get_instruments?currency=BTC&kind=option&expired=False
Traceback (most recent call last):
  File "/home/runner/work/Whale-Tracker1/Whale-Tracker1/options_analyzer.py", line 289, in run_options_analysis
    instruments = get_instruments(currency)
                  ^^^^^^^^^^^^^^^^^^^^^^^^^
  File "/home/runner/work/Whale-Tracker1/Whale-Tracker1/options_analyzer.py", line 89, in get_instruments
    instruments = _get('get_instruments', {'currency': currency, 'kind':'option', 'expired':False})
                  ^^^^^^^^^^^^^^^^^^^^^^^^^^^^^^^^^^^^^^^^^^^^^^^^^^^^^^^^^^^^^^^^^^^^^^^^^^^^^^^^^
  File "/home/runner/work/Whale-Tracker1/Whale-Tracker1/options_analyzer.py", line 39, in _get
    r.raise_for_status()
  File "/opt/hostedtoolcache/Python/3.11.15/x64/lib/python3.11/site-packages/requests/models.py", line 1028, in raise_for_status
    raise HTTPError(http_error_msg, response=self)
requests.exceptions.HTTPError: 400 Client Error: Bad Request for url: https://www.deribit.com/api/v2/public/get_instruments?currency=BTC&kind=option&expired=False
2026-04-15 03:48:17,459 INFO   Analisando ETH…
2026-04-15 03:48:17,890 ERROR   ETH análise falhou: 400 Client Error: Bad Request for url: https://www.deribit.com/api/v2/public/get_instruments?currency=ETH&kind=option&expired=False
Traceback (most recent call last):
  File "/home/runner/work/Whale-Tracker1/Whale-Tracker1/options_analyzer.py", line 289, in run_options_analysis
    instruments = get_instruments(currency)
                  ^^^^^^^^^^^^^^^^^^^^^^^^^
  File "/home/runner/work/Whale-Tracker1/Whale-Tracker1/options_analyzer.py", line 89, in get_instruments
    instruments = _get('get_instruments', {'currency': currency, 'kind':'option', 'expired':False})
                  ^^^^^^^^^^^^^^^^^^^^^^^^^^^^^^^^^^^^^^^^^^^^^^^^^^^^^^^^^^^^^^^^^^^^^^^^^^^^^^^^^
  File "/home/runner/work/Whale-Tracker1/Whale-Tracker1/options_analyzer.py", line 39, in _get
    r.raise_for_status()
  File "/opt/hostedtoolcache/Python/3.11.15/x64/lib/python3.11/site-packages/requests/models.py", line 1028, in raise_for_status
    raise HTTPError(http_error_msg, response=self)
requests.exceptions.HTTPError: 400 Client Error: Bad Request for url: https://www.deribit.com/api/v2/public/get_instruments?currency=ETH&kind=option&expired=False
2026-04-15 03:48:17,891 WARNING   BTC: gerando fallback estruturado
2026-04-15 03:48:17,891 WARNING   ETH: gerando fallback estruturado
2026-04-15 03:48:17,891 INFO   ✅ Salvo em /home/runner/work/Whale-Tracker1/Whale-Tracker1/data/options_data.json
2026-04-15 06:17:13,870 INFO 📊 Options analysis — 2026-04-15 06:17:13
2026-04-15 06:17:14,163 INFO   BTC: 876 book summaries
2026-04-15 06:17:14,723 INFO   ETH: 760 book summaries
2026-04-15 06:17:15,024 INFO   Analisando BTC…
2026-04-15 06:17:15,476 ERROR   BTC análise falhou: 400 Client Error: Bad Request for url: https://www.deribit.com/api/v2/public/get_instruments?currency=BTC&kind=option&expired=False
Traceback (most recent call last):
  File "/home/runner/work/Whale-Tracker1/Whale-Tracker1/options_analyzer.py", line 289, in run_options_analysis
    instruments = get_instruments(currency)
                  ^^^^^^^^^^^^^^^^^^^^^^^^^
  File "/home/runner/work/Whale-Tracker1/Whale-Tracker1/options_analyzer.py", line 89, in get_instruments
    instruments = _get('get_instruments', {'currency': currency, 'kind':'option', 'expired':False})
                  ^^^^^^^^^^^^^^^^^^^^^^^^^^^^^^^^^^^^^^^^^^^^^^^^^^^^^^^^^^^^^^^^^^^^^^^^^^^^^^^^^
  File "/home/runner/work/Whale-Tracker1/Whale-Tracker1/options_analyzer.py", line 39, in _get
    r.raise_for_status()
  File "/opt/hostedtoolcache/Python/3.11.15/x64/lib/python3.11/site-packages/requests/models.py", line 1028, in raise_for_status
    raise HTTPError(http_error_msg, response=self)
requests.exceptions.HTTPError: 400 Client Error: Bad Request for url: https://www.deribit.com/api/v2/public/get_instruments?currency=BTC&kind=option&expired=False
2026-04-15 06:17:15,479 INFO   Analisando ETH…
2026-04-15 06:17:15,827 ERROR   ETH análise falhou: 400 Client Error: Bad Request for url: https://www.deribit.com/api/v2/public/get_instruments?currency=ETH&kind=option&expired=False
Traceback (most recent call last):
  File "/home/runner/work/Whale-Tracker1/Whale-Tracker1/options_analyzer.py", line 289, in run_options_analysis
    instruments = get_instruments(currency)
                  ^^^^^^^^^^^^^^^^^^^^^^^^^
  File "/home/runner/work/Whale-Tracker1/Whale-Tracker1/options_analyzer.py", line 89, in get_instruments
    instruments = _get('get_instruments', {'currency': currency, 'kind':'option', 'expired':False})
                  ^^^^^^^^^^^^^^^^^^^^^^^^^^^^^^^^^^^^^^^^^^^^^^^^^^^^^^^^^^^^^^^^^^^^^^^^^^^^^^^^^
  File "/home/runner/work/Whale-Tracker1/Whale-Tracker1/options_analyzer.py", line 39, in _get
    r.raise_for_status()
  File "/opt/hostedtoolcache/Python/3.11.15/x64/lib/python3.11/site-packages/requests/models.py", line 1028, in raise_for_status
    raise HTTPError(http_error_msg, response=self)
requests.exceptions.HTTPError: 400 Client Error: Bad Request for url: https://www.deribit.com/api/v2/public/get_instruments?currency=ETH&kind=option&expired=False
2026-04-15 06:17:15,829 WARNING   BTC: gerando fallback estruturado
2026-04-15 06:17:15,829 WARNING   ETH: gerando fallback estruturado
2026-04-15 06:17:15,829 INFO   ✅ Salvo em /home/runner/work/Whale-Tracker1/Whale-Tracker1/data/options_data.json
