2026-04-18 00:03:58,730 INFO 📊 Options analysis — 2026-04-18 00:03:58
2026-04-18 00:03:59,020 INFO   BTC: 930 book summaries
2026-04-18 00:03:59,480 INFO   ETH: 786 book summaries
2026-04-18 00:03:59,782 INFO   Analisando BTC…
2026-04-18 00:04:00,092 ERROR   BTC análise falhou: 400 Client Error: Bad Request for url: https://www.deribit.com/api/v2/public/get_instruments?currency=BTC&kind=option&expired=False
Traceback (most recent call last):
  File "/home/runner/work/Whale-Tracker1/Whale-Tracker1/options_analyzer.py", line 289, in run_options_analysis
    instruments = get_instruments(currency)
                  ^^^^^^^^^^^^^^^^^^^^^^^^^
  File "/home/runner/work/Whale-Tracker1/Whale-Tracker1/options_analyzer.py", line 89, in get_instruments
    instruments = _get('get_instruments', {'currency': currency, 'kind':'option', 'expired':False})
                  ^^^^^^^^^^^^^^^^^^^^^^^^^^^^^^^^^^^^^^^^^^^^^^^^^^^^^^^^^^^^^^^^^^^^^^^^^^^^^^^^^
  File "/home/runner/work/Whale-Tracker1/Whale-Tracker1/options_analyzer.py", line 39, in _get
    r.raise_for_status()
  File "/opt/hostedtoolcache/Python/3.11.15/x64/lib/python3.11/site-packages/requests/models.py", line 1028, in raise_for_status
    raise HTTPError(http_error_msg, response=self)
requests.exceptions.HTTPError: 400 Client Error: Bad Request for url: https://www.deribit.com/api/v2/public/get_instruments?currency=BTC&kind=option&expired=False
2026-04-18 00:04:00,096 INFO   Analisando ETH…
2026-04-18 00:04:00,534 ERROR   ETH análise falhou: 400 Client Error: Bad Request for url: https://www.deribit.com/api/v2/public/get_instruments?currency=ETH&kind=option&expired=False
Traceback (most recent call last):
  File "/home/runner/work/Whale-Tracker1/Whale-Tracker1/options_analyzer.py", line 289, in run_options_analysis
    instruments = get_instruments(currency)
                  ^^^^^^^^^^^^^^^^^^^^^^^^^
  File "/home/runner/work/Whale-Tracker1/Whale-Tracker1/options_analyzer.py", line 89, in get_instruments
    instruments = _get('get_instruments', {'currency': currency, 'kind':'option', 'expired':False})
                  ^^^^^^^^^^^^^^^^^^^^^^^^^^^^^^^^^^^^^^^^^^^^^^^^^^^^^^^^^^^^^^^^^^^^^^^^^^^^^^^^^
  File "/home/runner/work/Whale-Tracker1/Whale-Tracker1/options_analyzer.py", line 39, in _get
    r.raise_for_status()
  File "/opt/hostedtoolcache/Python/3.11.15/x64/lib/python3.11/site-packages/requests/models.py", line 1028, in raise_for_status
    raise HTTPError(http_error_msg, response=self)
requests.exceptions.HTTPError: 400 Client Error: Bad Request for url: https://www.deribit.com/api/v2/public/get_instruments?currency=ETH&kind=option&expired=False
2026-04-18 00:04:00,536 WARNING   BTC: gerando fallback estruturado
2026-04-18 00:04:00,536 WARNING   ETH: gerando fallback estruturado
2026-04-18 00:04:00,536 INFO   ✅ Salvo em /home/runner/work/Whale-Tracker1/Whale-Tracker1/data/options_data.json
2026-04-18 03:36:30,359 INFO 📊 Options analysis — 2026-04-18 03:36:30
2026-04-18 03:36:30,728 INFO   BTC: 930 book summaries
2026-04-18 03:36:31,356 INFO   ETH: 786 book summaries
2026-04-18 03:36:31,657 INFO   Analisando BTC…
2026-04-18 03:36:32,139 ERROR   BTC análise falhou: 400 Client Error: Bad Request for url: https://www.deribit.com/api/v2/public/get_instruments?currency=BTC&kind=option&expired=False
Traceback (most recent call last):
  File "/home/runner/work/Whale-Tracker1/Whale-Tracker1/options_analyzer.py", line 289, in run_options_analysis
    instruments = get_instruments(currency)
                  ^^^^^^^^^^^^^^^^^^^^^^^^^
  File "/home/runner/work/Whale-Tracker1/Whale-Tracker1/options_analyzer.py", line 89, in get_instruments
    instruments = _get('get_instruments', {'currency': currency, 'kind':'option', 'expired':False})
                  ^^^^^^^^^^^^^^^^^^^^^^^^^^^^^^^^^^^^^^^^^^^^^^^^^^^^^^^^^^^^^^^^^^^^^^^^^^^^^^^^^
  File "/home/runner/work/Whale-Tracker1/Whale-Tracker1/options_analyzer.py", line 39, in _get
    r.raise_for_status()
  File "/opt/hostedtoolcache/Python/3.11.15/x64/lib/python3.11/site-packages/requests/models.py", line 1028, in raise_for_status
    raise HTTPError(http_error_msg, response=self)
requests.exceptions.HTTPError: 400 Client Error: Bad Request for url: https://www.deribit.com/api/v2/public/get_instruments?currency=BTC&kind=option&expired=False
2026-04-18 03:36:32,142 INFO   Analisando ETH…
2026-04-18 03:36:32,511 ERROR   ETH análise falhou: 400 Client Error: Bad Request for url: https://www.deribit.com/api/v2/public/get_instruments?currency=ETH&kind=option&expired=False
Traceback (most recent call last):
  File "/home/runner/work/Whale-Tracker1/Whale-Tracker1/options_analyzer.py", line 289, in run_options_analysis
    instruments = get_instruments(currency)
                  ^^^^^^^^^^^^^^^^^^^^^^^^^
  File "/home/runner/work/Whale-Tracker1/Whale-Tracker1/options_analyzer.py", line 89, in get_instruments
    instruments = _get('get_instruments', {'currency': currency, 'kind':'option', 'expired':False})
                  ^^^^^^^^^^^^^^^^^^^^^^^^^^^^^^^^^^^^^^^^^^^^^^^^^^^^^^^^^^^^^^^^^^^^^^^^^^^^^^^^^
  File "/home/runner/work/Whale-Tracker1/Whale-Tracker1/options_analyzer.py", line 39, in _get
    r.raise_for_status()
  File "/opt/hostedtoolcache/Python/3.11.15/x64/lib/python3.11/site-packages/requests/models.py", line 1028, in raise_for_status
    raise HTTPError(http_error_msg, response=self)
requests.exceptions.HTTPError: 400 Client Error: Bad Request for url: https://www.deribit.com/api/v2/public/get_instruments?currency=ETH&kind=option&expired=False
2026-04-18 03:36:32,513 WARNING   BTC: gerando fallback estruturado
2026-04-18 03:36:32,513 WARNING   ETH: gerando fallback estruturado
2026-04-18 03:36:32,513 INFO   ✅ Salvo em /home/runner/work/Whale-Tracker1/Whale-Tracker1/data/options_data.json
2026-04-18 05:56:42,882 INFO 📊 Options analysis — 2026-04-18 05:56:42
2026-04-18 05:56:43,054 INFO   BTC: 930 book summaries
2026-04-18 05:56:43,578 INFO   ETH: 786 book summaries
2026-04-18 05:56:43,880 INFO   Analisando BTC…
2026-04-18 05:56:44,121 ERROR   BTC análise falhou: 400 Client Error: Bad Request for url: https://www.deribit.com/api/v2/public/get_instruments?currency=BTC&kind=option&expired=False
Traceback (most recent call last):
  File "/home/runner/work/Whale-Tracker1/Whale-Tracker1/options_analyzer.py", line 289, in run_options_analysis
    instruments = get_instruments(currency)
                  ^^^^^^^^^^^^^^^^^^^^^^^^^
  File "/home/runner/work/Whale-Tracker1/Whale-Tracker1/options_analyzer.py", line 89, in get_instruments
    instruments = _get('get_instruments', {'currency': currency, 'kind':'option', 'expired':False})
                  ^^^^^^^^^^^^^^^^^^^^^^^^^^^^^^^^^^^^^^^^^^^^^^^^^^^^^^^^^^^^^^^^^^^^^^^^^^^^^^^^^
  File "/home/runner/work/Whale-Tracker1/Whale-Tracker1/options_analyzer.py", line 39, in _get
    r.raise_for_status()
  File "/opt/hostedtoolcache/Python/3.11.15/x64/lib/python3.11/site-packages/requests/models.py", line 1028, in raise_for_status
    raise HTTPError(http_error_msg, response=self)
requests.exceptions.HTTPError: 400 Client Error: Bad Request for url: https://www.deribit.com/api/v2/public/get_instruments?currency=BTC&kind=option&expired=False
2026-04-18 05:56:44,125 INFO   Analisando ETH…
2026-04-18 05:56:44,372 ERROR   ETH análise falhou: 400 Client Error: Bad Request for url: https://www.deribit.com/api/v2/public/get_instruments?currency=ETH&kind=option&expired=False
Traceback (most recent call last):
  File "/home/runner/work/Whale-Tracker1/Whale-Tracker1/options_analyzer.py", line 289, in run_options_analysis
    instruments = get_instruments(currency)
                  ^^^^^^^^^^^^^^^^^^^^^^^^^
  File "/home/runner/work/Whale-Tracker1/Whale-Tracker1/options_analyzer.py", line 89, in get_instruments
    instruments = _get('get_instruments', {'currency': currency, 'kind':'option', 'expired':False})
                  ^^^^^^^^^^^^^^^^^^^^^^^^^^^^^^^^^^^^^^^^^^^^^^^^^^^^^^^^^^^^^^^^^^^^^^^^^^^^^^^^^
  File "/home/runner/work/Whale-Tracker1/Whale-Tracker1/options_analyzer.py", line 39, in _get
    r.raise_for_status()
  File "/opt/hostedtoolcache/Python/3.11.15/x64/lib/python3.11/site-packages/requests/models.py", line 1028, in raise_for_status
    raise HTTPError(http_error_msg, response=self)
requests.exceptions.HTTPError: 400 Client Error: Bad Request for url: https://www.deribit.com/api/v2/public/get_instruments?currency=ETH&kind=option&expired=False
2026-04-18 05:56:44,373 WARNING   BTC: gerando fallback estruturado
2026-04-18 05:56:44,373 WARNING   ETH: gerando fallback estruturado
2026-04-18 05:56:44,374 INFO   ✅ Salvo em /home/runner/work/Whale-Tracker1/Whale-Tracker1/data/options_data.json
2026-04-18 07:42:14,570 INFO 📊 Options analysis — 2026-04-18 07:42:14
2026-04-18 07:42:14,942 INFO   BTC: 930 book summaries
2026-04-18 07:42:15,607 INFO   ETH: 786 book summaries
2026-04-18 07:42:15,909 INFO   Analisando BTC…
2026-04-18 07:42:16,312 ERROR   BTC análise falhou: 400 Client Error: Bad Request for url: https://www.deribit.com/api/v2/public/get_instruments?currency=BTC&kind=option&expired=False
Traceback (most recent call last):
  File "/home/runner/work/Whale-Tracker1/Whale-Tracker1/options_analyzer.py", line 289, in run_options_analysis
    instruments = get_instruments(currency)
                  ^^^^^^^^^^^^^^^^^^^^^^^^^
  File "/home/runner/work/Whale-Tracker1/Whale-Tracker1/options_analyzer.py", line 89, in get_instruments
    instruments = _get('get_instruments', {'currency': currency, 'kind':'option', 'expired':False})
                  ^^^^^^^^^^^^^^^^^^^^^^^^^^^^^^^^^^^^^^^^^^^^^^^^^^^^^^^^^^^^^^^^^^^^^^^^^^^^^^^^^
  File "/home/runner/work/Whale-Tracker1/Whale-Tracker1/options_analyzer.py", line 39, in _get
    r.raise_for_status()
  File "/opt/hostedtoolcache/Python/3.11.15/x64/lib/python3.11/site-packages/requests/models.py", line 1028, in raise_for_status
    raise HTTPError(http_error_msg, response=self)
requests.exceptions.HTTPError: 400 Client Error: Bad Request for url: https://www.deribit.com/api/v2/public/get_instruments?currency=BTC&kind=option&expired=False
2026-04-18 07:42:16,315 INFO   Analisando ETH…
2026-04-18 07:42:16,742 ERROR   ETH análise falhou: 400 Client Error: Bad Request for url: https://www.deribit.com/api/v2/public/get_instruments?currency=ETH&kind=option&expired=False
Traceback (most recent call last):
  File "/home/runner/work/Whale-Tracker1/Whale-Tracker1/options_analyzer.py", line 289, in run_options_analysis
    instruments = get_instruments(currency)
                  ^^^^^^^^^^^^^^^^^^^^^^^^^
  File "/home/runner/work/Whale-Tracker1/Whale-Tracker1/options_analyzer.py", line 89, in get_instruments
    instruments = _get('get_instruments', {'currency': currency, 'kind':'option', 'expired':False})
                  ^^^^^^^^^^^^^^^^^^^^^^^^^^^^^^^^^^^^^^^^^^^^^^^^^^^^^^^^^^^^^^^^^^^^^^^^^^^^^^^^^
  File "/home/runner/work/Whale-Tracker1/Whale-Tracker1/options_analyzer.py", line 39, in _get
    r.raise_for_status()
  File "/opt/hostedtoolcache/Python/3.11.15/x64/lib/python3.11/site-packages/requests/models.py", line 1028, in raise_for_status
    raise HTTPError(http_error_msg, response=self)
requests.exceptions.HTTPError: 400 Client Error: Bad Request for url: https://www.deribit.com/api/v2/public/get_instruments?currency=ETH&kind=option&expired=False
2026-04-18 07:42:16,744 WARNING   BTC: gerando fallback estruturado
2026-04-18 07:42:16,744 WARNING   ETH: gerando fallback estruturado
2026-04-18 07:42:16,745 INFO   ✅ Salvo em /home/runner/work/Whale-Tracker1/Whale-Tracker1/data/options_data.json
2026-04-18 09:12:33,700 INFO 📊 Options analysis — 2026-04-18 09:12:33
2026-04-18 09:12:33,905 INFO   BTC: 924 book summaries
2026-04-18 09:12:34,391 INFO   ETH: 784 book summaries
2026-04-18 09:12:34,693 INFO   Analisando BTC…
2026-04-18 09:12:34,938 ERROR   BTC análise falhou: 400 Client Error: Bad Request for url: https://www.deribit.com/api/v2/public/get_instruments?currency=BTC&kind=option&expired=False
Traceback (most recent call last):
  File "/home/runner/work/Whale-Tracker1/Whale-Tracker1/options_analyzer.py", line 289, in run_options_analysis
    instruments = get_instruments(currency)
                  ^^^^^^^^^^^^^^^^^^^^^^^^^
  File "/home/runner/work/Whale-Tracker1/Whale-Tracker1/options_analyzer.py", line 89, in get_instruments
    instruments = _get('get_instruments', {'currency': currency, 'kind':'option', 'expired':False})
                  ^^^^^^^^^^^^^^^^^^^^^^^^^^^^^^^^^^^^^^^^^^^^^^^^^^^^^^^^^^^^^^^^^^^^^^^^^^^^^^^^^
  File "/home/runner/work/Whale-Tracker1/Whale-Tracker1/options_analyzer.py", line 39, in _get
    r.raise_for_status()
  File "/opt/hostedtoolcache/Python/3.11.15/x64/lib/python3.11/site-packages/requests/models.py", line 1028, in raise_for_status
    raise HTTPError(http_error_msg, response=self)
requests.exceptions.HTTPError: 400 Client Error: Bad Request for url: https://www.deribit.com/api/v2/public/get_instruments?currency=BTC&kind=option&expired=False
2026-04-18 09:12:34,942 INFO   Analisando ETH…
2026-04-18 09:12:35,184 ERROR   ETH análise falhou: 400 Client Error: Bad Request for url: https://www.deribit.com/api/v2/public/get_instruments?currency=ETH&kind=option&expired=False
Traceback (most recent call last):
  File "/home/runner/work/Whale-Tracker1/Whale-Tracker1/options_analyzer.py", line 289, in run_options_analysis
    instruments = get_instruments(currency)
                  ^^^^^^^^^^^^^^^^^^^^^^^^^
  File "/home/runner/work/Whale-Tracker1/Whale-Tracker1/options_analyzer.py", line 89, in get_instruments
    instruments = _get('get_instruments', {'currency': currency, 'kind':'option', 'expired':False})
                  ^^^^^^^^^^^^^^^^^^^^^^^^^^^^^^^^^^^^^^^^^^^^^^^^^^^^^^^^^^^^^^^^^^^^^^^^^^^^^^^^^
  File "/home/runner/work/Whale-Tracker1/Whale-Tracker1/options_analyzer.py", line 39, in _get
    r.raise_for_status()
  File "/opt/hostedtoolcache/Python/3.11.15/x64/lib/python3.11/site-packages/requests/models.py", line 1028, in raise_for_status
    raise HTTPError(http_error_msg, response=self)
requests.exceptions.HTTPError: 400 Client Error: Bad Request for url: https://www.deribit.com/api/v2/public/get_instruments?currency=ETH&kind=option&expired=False
2026-04-18 09:12:35,185 WARNING   BTC: gerando fallback estruturado
2026-04-18 09:12:35,186 WARNING   ETH: gerando fallback estruturado
2026-04-18 09:12:35,186 INFO   ✅ Salvo em /home/runner/work/Whale-Tracker1/Whale-Tracker1/data/options_data.json
2026-04-18 10:08:00,291 INFO 📊 Options analysis — 2026-04-18 10:08:00
2026-04-18 10:08:00,567 INFO   BTC: 924 book summaries
2026-04-18 10:08:01,085 INFO   ETH: 784 book summaries
2026-04-18 10:08:01,386 INFO   Analisando BTC…
2026-04-18 10:08:01,731 ERROR   BTC análise falhou: 400 Client Error: Bad Request for url: https://www.deribit.com/api/v2/public/get_instruments?currency=BTC&kind=option&expired=False
Traceback (most recent call last):
  File "/home/runner/work/Whale-Tracker1/Whale-Tracker1/options_analyzer.py", line 289, in run_options_analysis
    instruments = get_instruments(currency)
                  ^^^^^^^^^^^^^^^^^^^^^^^^^
  File "/home/runner/work/Whale-Tracker1/Whale-Tracker1/options_analyzer.py", line 89, in get_instruments
    instruments = _get('get_instruments', {'currency': currency, 'kind':'option', 'expired':False})
                  ^^^^^^^^^^^^^^^^^^^^^^^^^^^^^^^^^^^^^^^^^^^^^^^^^^^^^^^^^^^^^^^^^^^^^^^^^^^^^^^^^
  File "/home/runner/work/Whale-Tracker1/Whale-Tracker1/options_analyzer.py", line 39, in _get
    r.raise_for_status()
  File "/opt/hostedtoolcache/Python/3.11.15/x64/lib/python3.11/site-packages/requests/models.py", line 1028, in raise_for_status
    raise HTTPError(http_error_msg, response=self)
requests.exceptions.HTTPError: 400 Client Error: Bad Request for url: https://www.deribit.com/api/v2/public/get_instruments?currency=BTC&kind=option&expired=False
2026-04-18 10:08:01,734 INFO   Analisando ETH…
2026-04-18 10:08:02,111 ERROR   ETH análise falhou: 400 Client Error: Bad Request for url: https://www.deribit.com/api/v2/public/get_instruments?currency=ETH&kind=option&expired=False
Traceback (most recent call last):
  File "/home/runner/work/Whale-Tracker1/Whale-Tracker1/options_analyzer.py", line 289, in run_options_analysis
    instruments = get_instruments(currency)
                  ^^^^^^^^^^^^^^^^^^^^^^^^^
  File "/home/runner/work/Whale-Tracker1/Whale-Tracker1/options_analyzer.py", line 89, in get_instruments
    instruments = _get('get_instruments', {'currency': currency, 'kind':'option', 'expired':False})
                  ^^^^^^^^^^^^^^^^^^^^^^^^^^^^^^^^^^^^^^^^^^^^^^^^^^^^^^^^^^^^^^^^^^^^^^^^^^^^^^^^^
  File "/home/runner/work/Whale-Tracker1/Whale-Tracker1/options_analyzer.py", line 39, in _get
    r.raise_for_status()
  File "/opt/hostedtoolcache/Python/3.11.15/x64/lib/python3.11/site-packages/requests/models.py", line 1028, in raise_for_status
    raise HTTPError(http_error_msg, response=self)
requests.exceptions.HTTPError: 400 Client Error: Bad Request for url: https://www.deribit.com/api/v2/public/get_instruments?currency=ETH&kind=option&expired=False
2026-04-18 10:08:02,112 WARNING   BTC: gerando fallback estruturado
2026-04-18 10:08:02,113 WARNING   ETH: gerando fallback estruturado
2026-04-18 10:08:02,113 INFO   ✅ Salvo em /home/runner/work/Whale-Tracker1/Whale-Tracker1/data/options_data.json
