2026-04-12 03:51:17,856 INFO 📊 Options analysis — 2026-04-12 03:51:17
2026-04-12 03:51:18,095 INFO   BTC: 880 book summaries
2026-04-12 03:51:18,573 INFO   ETH: 762 book summaries
2026-04-12 03:51:18,875 INFO   Analisando BTC…
2026-04-12 03:51:19,193 ERROR   BTC análise falhou: 400 Client Error: Bad Request for url: https://www.deribit.com/api/v2/public/get_instruments?currency=BTC&kind=option&expired=False
Traceback (most recent call last):
  File "/home/runner/work/Whale-Tracker1/Whale-Tracker1/options_analyzer.py", line 289, in run_options_analysis
    instruments = get_instruments(currency)
                  ^^^^^^^^^^^^^^^^^^^^^^^^^
  File "/home/runner/work/Whale-Tracker1/Whale-Tracker1/options_analyzer.py", line 89, in get_instruments
    instruments = _get('get_instruments', {'currency': currency, 'kind':'option', 'expired':False})
                  ^^^^^^^^^^^^^^^^^^^^^^^^^^^^^^^^^^^^^^^^^^^^^^^^^^^^^^^^^^^^^^^^^^^^^^^^^^^^^^^^^
  File "/home/runner/work/Whale-Tracker1/Whale-Tracker1/options_analyzer.py", line 39, in _get
    r.raise_for_status()
  File "/opt/hostedtoolcache/Python/3.11.15/x64/lib/python3.11/site-packages/requests/models.py", line 1028, in raise_for_status
    raise HTTPError(http_error_msg, response=self)
requests.exceptions.HTTPError: 400 Client Error: Bad Request for url: https://www.deribit.com/api/v2/public/get_instruments?currency=BTC&kind=option&expired=False
2026-04-12 03:51:19,196 INFO   Analisando ETH…
2026-04-12 03:51:19,561 ERROR   ETH análise falhou: 400 Client Error: Bad Request for url: https://www.deribit.com/api/v2/public/get_instruments?currency=ETH&kind=option&expired=False
Traceback (most recent call last):
  File "/home/runner/work/Whale-Tracker1/Whale-Tracker1/options_analyzer.py", line 289, in run_options_analysis
    instruments = get_instruments(currency)
                  ^^^^^^^^^^^^^^^^^^^^^^^^^
  File "/home/runner/work/Whale-Tracker1/Whale-Tracker1/options_analyzer.py", line 89, in get_instruments
    instruments = _get('get_instruments', {'currency': currency, 'kind':'option', 'expired':False})
                  ^^^^^^^^^^^^^^^^^^^^^^^^^^^^^^^^^^^^^^^^^^^^^^^^^^^^^^^^^^^^^^^^^^^^^^^^^^^^^^^^^
  File "/home/runner/work/Whale-Tracker1/Whale-Tracker1/options_analyzer.py", line 39, in _get
    r.raise_for_status()
  File "/opt/hostedtoolcache/Python/3.11.15/x64/lib/python3.11/site-packages/requests/models.py", line 1028, in raise_for_status
    raise HTTPError(http_error_msg, response=self)
requests.exceptions.HTTPError: 400 Client Error: Bad Request for url: https://www.deribit.com/api/v2/public/get_instruments?currency=ETH&kind=option&expired=False
2026-04-12 03:51:19,562 WARNING   BTC: gerando fallback estruturado
2026-04-12 03:51:19,563 WARNING   ETH: gerando fallback estruturado
2026-04-12 03:51:19,563 INFO   ✅ Salvo em /home/runner/work/Whale-Tracker1/Whale-Tracker1/data/options_data.json
2026-04-12 06:09:41,225 INFO 📊 Options analysis — 2026-04-12 06:09:41
2026-04-12 06:09:41,492 INFO   BTC: 882 book summaries
2026-04-12 06:09:42,044 INFO   ETH: 762 book summaries
2026-04-12 06:09:42,346 INFO   Analisando BTC…
2026-04-12 06:09:42,707 ERROR   BTC análise falhou: 400 Client Error: Bad Request for url: https://www.deribit.com/api/v2/public/get_instruments?currency=BTC&kind=option&expired=False
Traceback (most recent call last):
  File "/home/runner/work/Whale-Tracker1/Whale-Tracker1/options_analyzer.py", line 289, in run_options_analysis
    instruments = get_instruments(currency)
                  ^^^^^^^^^^^^^^^^^^^^^^^^^
  File "/home/runner/work/Whale-Tracker1/Whale-Tracker1/options_analyzer.py", line 89, in get_instruments
    instruments = _get('get_instruments', {'currency': currency, 'kind':'option', 'expired':False})
                  ^^^^^^^^^^^^^^^^^^^^^^^^^^^^^^^^^^^^^^^^^^^^^^^^^^^^^^^^^^^^^^^^^^^^^^^^^^^^^^^^^
  File "/home/runner/work/Whale-Tracker1/Whale-Tracker1/options_analyzer.py", line 39, in _get
    r.raise_for_status()
  File "/opt/hostedtoolcache/Python/3.11.15/x64/lib/python3.11/site-packages/requests/models.py", line 1028, in raise_for_status
    raise HTTPError(http_error_msg, response=self)
requests.exceptions.HTTPError: 400 Client Error: Bad Request for url: https://www.deribit.com/api/v2/public/get_instruments?currency=BTC&kind=option&expired=False
2026-04-12 06:09:42,711 INFO   Analisando ETH…
2026-04-12 06:09:43,072 ERROR   ETH análise falhou: 400 Client Error: Bad Request for url: https://www.deribit.com/api/v2/public/get_instruments?currency=ETH&kind=option&expired=False
Traceback (most recent call last):
  File "/home/runner/work/Whale-Tracker1/Whale-Tracker1/options_analyzer.py", line 289, in run_options_analysis
    instruments = get_instruments(currency)
                  ^^^^^^^^^^^^^^^^^^^^^^^^^
  File "/home/runner/work/Whale-Tracker1/Whale-Tracker1/options_analyzer.py", line 89, in get_instruments
    instruments = _get('get_instruments', {'currency': currency, 'kind':'option', 'expired':False})
                  ^^^^^^^^^^^^^^^^^^^^^^^^^^^^^^^^^^^^^^^^^^^^^^^^^^^^^^^^^^^^^^^^^^^^^^^^^^^^^^^^^
  File "/home/runner/work/Whale-Tracker1/Whale-Tracker1/options_analyzer.py", line 39, in _get
    r.raise_for_status()
  File "/opt/hostedtoolcache/Python/3.11.15/x64/lib/python3.11/site-packages/requests/models.py", line 1028, in raise_for_status
    raise HTTPError(http_error_msg, response=self)
requests.exceptions.HTTPError: 400 Client Error: Bad Request for url: https://www.deribit.com/api/v2/public/get_instruments?currency=ETH&kind=option&expired=False
2026-04-12 06:09:43,074 WARNING   BTC: gerando fallback estruturado
2026-04-12 06:09:43,074 WARNING   ETH: gerando fallback estruturado
2026-04-12 06:09:43,074 INFO   ✅ Salvo em /home/runner/work/Whale-Tracker1/Whale-Tracker1/data/options_data.json
2026-04-12 07:49:59,863 INFO 📊 Options analysis — 2026-04-12 07:49:59
2026-04-12 07:50:00,025 INFO   BTC: 882 book summaries
2026-04-12 07:50:00,473 INFO   ETH: 762 book summaries
2026-04-12 07:50:00,775 INFO   Analisando BTC…
2026-04-12 07:50:01,037 ERROR   BTC análise falhou: 400 Client Error: Bad Request for url: https://www.deribit.com/api/v2/public/get_instruments?currency=BTC&kind=option&expired=False
Traceback (most recent call last):
  File "/home/runner/work/Whale-Tracker1/Whale-Tracker1/options_analyzer.py", line 289, in run_options_analysis
    instruments = get_instruments(currency)
                  ^^^^^^^^^^^^^^^^^^^^^^^^^
  File "/home/runner/work/Whale-Tracker1/Whale-Tracker1/options_analyzer.py", line 89, in get_instruments
    instruments = _get('get_instruments', {'currency': currency, 'kind':'option', 'expired':False})
                  ^^^^^^^^^^^^^^^^^^^^^^^^^^^^^^^^^^^^^^^^^^^^^^^^^^^^^^^^^^^^^^^^^^^^^^^^^^^^^^^^^
  File "/home/runner/work/Whale-Tracker1/Whale-Tracker1/options_analyzer.py", line 39, in _get
    r.raise_for_status()
  File "/opt/hostedtoolcache/Python/3.11.15/x64/lib/python3.11/site-packages/requests/models.py", line 1028, in raise_for_status
    raise HTTPError(http_error_msg, response=self)
requests.exceptions.HTTPError: 400 Client Error: Bad Request for url: https://www.deribit.com/api/v2/public/get_instruments?currency=BTC&kind=option&expired=False
2026-04-12 07:50:01,040 INFO   Analisando ETH…
2026-04-12 07:50:01,297 ERROR   ETH análise falhou: 400 Client Error: Bad Request for url: https://www.deribit.com/api/v2/public/get_instruments?currency=ETH&kind=option&expired=False
Traceback (most recent call last):
  File "/home/runner/work/Whale-Tracker1/Whale-Tracker1/options_analyzer.py", line 289, in run_options_analysis
    instruments = get_instruments(currency)
                  ^^^^^^^^^^^^^^^^^^^^^^^^^
  File "/home/runner/work/Whale-Tracker1/Whale-Tracker1/options_analyzer.py", line 89, in get_instruments
    instruments = _get('get_instruments', {'currency': currency, 'kind':'option', 'expired':False})
                  ^^^^^^^^^^^^^^^^^^^^^^^^^^^^^^^^^^^^^^^^^^^^^^^^^^^^^^^^^^^^^^^^^^^^^^^^^^^^^^^^^
  File "/home/runner/work/Whale-Tracker1/Whale-Tracker1/options_analyzer.py", line 39, in _get
    r.raise_for_status()
  File "/opt/hostedtoolcache/Python/3.11.15/x64/lib/python3.11/site-packages/requests/models.py", line 1028, in raise_for_status
    raise HTTPError(http_error_msg, response=self)
requests.exceptions.HTTPError: 400 Client Error: Bad Request for url: https://www.deribit.com/api/v2/public/get_instruments?currency=ETH&kind=option&expired=False
2026-04-12 07:50:01,299 WARNING   BTC: gerando fallback estruturado
2026-04-12 07:50:01,299 WARNING   ETH: gerando fallback estruturado
2026-04-12 07:50:01,300 INFO   ✅ Salvo em /home/runner/work/Whale-Tracker1/Whale-Tracker1/data/options_data.json
2026-04-12 09:12:52,461 INFO 📊 Options analysis — 2026-04-12 09:12:52
2026-04-12 09:12:52,637 INFO   BTC: 876 book summaries
2026-04-12 09:12:53,074 INFO   ETH: 754 book summaries
2026-04-12 09:12:53,376 INFO   Analisando BTC…
2026-04-12 09:12:53,627 ERROR   BTC análise falhou: 400 Client Error: Bad Request for url: https://www.deribit.com/api/v2/public/get_instruments?currency=BTC&kind=option&expired=False
Traceback (most recent call last):
  File "/home/runner/work/Whale-Tracker1/Whale-Tracker1/options_analyzer.py", line 289, in run_options_analysis
    instruments = get_instruments(currency)
                  ^^^^^^^^^^^^^^^^^^^^^^^^^
  File "/home/runner/work/Whale-Tracker1/Whale-Tracker1/options_analyzer.py", line 89, in get_instruments
    instruments = _get('get_instruments', {'currency': currency, 'kind':'option', 'expired':False})
                  ^^^^^^^^^^^^^^^^^^^^^^^^^^^^^^^^^^^^^^^^^^^^^^^^^^^^^^^^^^^^^^^^^^^^^^^^^^^^^^^^^
  File "/home/runner/work/Whale-Tracker1/Whale-Tracker1/options_analyzer.py", line 39, in _get
    r.raise_for_status()
  File "/opt/hostedtoolcache/Python/3.11.15/x64/lib/python3.11/site-packages/requests/models.py", line 1028, in raise_for_status
    raise HTTPError(http_error_msg, response=self)
requests.exceptions.HTTPError: 400 Client Error: Bad Request for url: https://www.deribit.com/api/v2/public/get_instruments?currency=BTC&kind=option&expired=False
2026-04-12 09:12:53,630 INFO   Analisando ETH…
2026-04-12 09:12:53,880 ERROR   ETH análise falhou: 400 Client Error: Bad Request for url: https://www.deribit.com/api/v2/public/get_instruments?currency=ETH&kind=option&expired=False
Traceback (most recent call last):
  File "/home/runner/work/Whale-Tracker1/Whale-Tracker1/options_analyzer.py", line 289, in run_options_analysis
    instruments = get_instruments(currency)
                  ^^^^^^^^^^^^^^^^^^^^^^^^^
  File "/home/runner/work/Whale-Tracker1/Whale-Tracker1/options_analyzer.py", line 89, in get_instruments
    instruments = _get('get_instruments', {'currency': currency, 'kind':'option', 'expired':False})
                  ^^^^^^^^^^^^^^^^^^^^^^^^^^^^^^^^^^^^^^^^^^^^^^^^^^^^^^^^^^^^^^^^^^^^^^^^^^^^^^^^^
  File "/home/runner/work/Whale-Tracker1/Whale-Tracker1/options_analyzer.py", line 39, in _get
    r.raise_for_status()
  File "/opt/hostedtoolcache/Python/3.11.15/x64/lib/python3.11/site-packages/requests/models.py", line 1028, in raise_for_status
    raise HTTPError(http_error_msg, response=self)
requests.exceptions.HTTPError: 400 Client Error: Bad Request for url: https://www.deribit.com/api/v2/public/get_instruments?currency=ETH&kind=option&expired=False
2026-04-12 09:12:53,881 WARNING   BTC: gerando fallback estruturado
2026-04-12 09:12:53,882 WARNING   ETH: gerando fallback estruturado
2026-04-12 09:12:53,882 INFO   ✅ Salvo em /home/runner/work/Whale-Tracker1/Whale-Tracker1/data/options_data.json
2026-04-12 10:07:33,789 INFO 📊 Options analysis — 2026-04-12 10:07:33
2026-04-12 10:07:33,934 INFO   BTC: 876 book summaries
2026-04-12 10:07:34,391 INFO   ETH: 754 book summaries
2026-04-12 10:07:34,692 INFO   Analisando BTC…
2026-04-12 10:07:34,930 ERROR   BTC análise falhou: 400 Client Error: Bad Request for url: https://www.deribit.com/api/v2/public/get_instruments?currency=BTC&kind=option&expired=False
Traceback (most recent call last):
  File "/home/runner/work/Whale-Tracker1/Whale-Tracker1/options_analyzer.py", line 289, in run_options_analysis
    instruments = get_instruments(currency)
                  ^^^^^^^^^^^^^^^^^^^^^^^^^
  File "/home/runner/work/Whale-Tracker1/Whale-Tracker1/options_analyzer.py", line 89, in get_instruments
    instruments = _get('get_instruments', {'currency': currency, 'kind':'option', 'expired':False})
                  ^^^^^^^^^^^^^^^^^^^^^^^^^^^^^^^^^^^^^^^^^^^^^^^^^^^^^^^^^^^^^^^^^^^^^^^^^^^^^^^^^
  File "/home/runner/work/Whale-Tracker1/Whale-Tracker1/options_analyzer.py", line 39, in _get
    r.raise_for_status()
  File "/opt/hostedtoolcache/Python/3.11.15/x64/lib/python3.11/site-packages/requests/models.py", line 1028, in raise_for_status
    raise HTTPError(http_error_msg, response=self)
requests.exceptions.HTTPError: 400 Client Error: Bad Request for url: https://www.deribit.com/api/v2/public/get_instruments?currency=BTC&kind=option&expired=False
2026-04-12 10:07:34,934 INFO   Analisando ETH…
2026-04-12 10:07:35,172 ERROR   ETH análise falhou: 400 Client Error: Bad Request for url: https://www.deribit.com/api/v2/public/get_instruments?currency=ETH&kind=option&expired=False
Traceback (most recent call last):
  File "/home/runner/work/Whale-Tracker1/Whale-Tracker1/options_analyzer.py", line 289, in run_options_analysis
    instruments = get_instruments(currency)
                  ^^^^^^^^^^^^^^^^^^^^^^^^^
  File "/home/runner/work/Whale-Tracker1/Whale-Tracker1/options_analyzer.py", line 89, in get_instruments
    instruments = _get('get_instruments', {'currency': currency, 'kind':'option', 'expired':False})
                  ^^^^^^^^^^^^^^^^^^^^^^^^^^^^^^^^^^^^^^^^^^^^^^^^^^^^^^^^^^^^^^^^^^^^^^^^^^^^^^^^^
  File "/home/runner/work/Whale-Tracker1/Whale-Tracker1/options_analyzer.py", line 39, in _get
    r.raise_for_status()
  File "/opt/hostedtoolcache/Python/3.11.15/x64/lib/python3.11/site-packages/requests/models.py", line 1028, in raise_for_status
    raise HTTPError(http_error_msg, response=self)
requests.exceptions.HTTPError: 400 Client Error: Bad Request for url: https://www.deribit.com/api/v2/public/get_instruments?currency=ETH&kind=option&expired=False
2026-04-12 10:07:35,174 WARNING   BTC: gerando fallback estruturado
2026-04-12 10:07:35,174 WARNING   ETH: gerando fallback estruturado
2026-04-12 10:07:35,174 INFO   ✅ Salvo em /home/runner/work/Whale-Tracker1/Whale-Tracker1/data/options_data.json
2026-04-12 11:07:01,523 INFO 📊 Options analysis — 2026-04-12 11:07:01
2026-04-12 11:07:01,739 INFO   BTC: 878 book summaries
2026-04-12 11:07:02,187 INFO   ETH: 756 book summaries
2026-04-12 11:07:02,489 INFO   Analisando BTC…
2026-04-12 11:07:02,791 ERROR   BTC análise falhou: 400 Client Error: Bad Request for url: https://www.deribit.com/api/v2/public/get_instruments?currency=BTC&kind=option&expired=False
Traceback (most recent call last):
  File "/home/runner/work/Whale-Tracker1/Whale-Tracker1/options_analyzer.py", line 289, in run_options_analysis
    instruments = get_instruments(currency)
                  ^^^^^^^^^^^^^^^^^^^^^^^^^
  File "/home/runner/work/Whale-Tracker1/Whale-Tracker1/options_analyzer.py", line 89, in get_instruments
    instruments = _get('get_instruments', {'currency': currency, 'kind':'option', 'expired':False})
                  ^^^^^^^^^^^^^^^^^^^^^^^^^^^^^^^^^^^^^^^^^^^^^^^^^^^^^^^^^^^^^^^^^^^^^^^^^^^^^^^^^
  File "/home/runner/work/Whale-Tracker1/Whale-Tracker1/options_analyzer.py", line 39, in _get
    r.raise_for_status()
  File "/opt/hostedtoolcache/Python/3.11.15/x64/lib/python3.11/site-packages/requests/models.py", line 1028, in raise_for_status
    raise HTTPError(http_error_msg, response=self)
requests.exceptions.HTTPError: 400 Client Error: Bad Request for url: https://www.deribit.com/api/v2/public/get_instruments?currency=BTC&kind=option&expired=False
2026-04-12 11:07:02,795 INFO   Analisando ETH…
2026-04-12 11:07:03,034 ERROR   ETH análise falhou: 400 Client Error: Bad Request for url: https://www.deribit.com/api/v2/public/get_instruments?currency=ETH&kind=option&expired=False
Traceback (most recent call last):
  File "/home/runner/work/Whale-Tracker1/Whale-Tracker1/options_analyzer.py", line 289, in run_options_analysis
    instruments = get_instruments(currency)
                  ^^^^^^^^^^^^^^^^^^^^^^^^^
  File "/home/runner/work/Whale-Tracker1/Whale-Tracker1/options_analyzer.py", line 89, in get_instruments
    instruments = _get('get_instruments', {'currency': currency, 'kind':'option', 'expired':False})
                  ^^^^^^^^^^^^^^^^^^^^^^^^^^^^^^^^^^^^^^^^^^^^^^^^^^^^^^^^^^^^^^^^^^^^^^^^^^^^^^^^^
  File "/home/runner/work/Whale-Tracker1/Whale-Tracker1/options_analyzer.py", line 39, in _get
    r.raise_for_status()
  File "/opt/hostedtoolcache/Python/3.11.15/x64/lib/python3.11/site-packages/requests/models.py", line 1028, in raise_for_status
    raise HTTPError(http_error_msg, response=self)
requests.exceptions.HTTPError: 400 Client Error: Bad Request for url: https://www.deribit.com/api/v2/public/get_instruments?currency=ETH&kind=option&expired=False
2026-04-12 11:07:03,035 WARNING   BTC: gerando fallback estruturado
2026-04-12 11:07:03,036 WARNING   ETH: gerando fallback estruturado
2026-04-12 11:07:03,036 INFO   ✅ Salvo em /home/runner/work/Whale-Tracker1/Whale-Tracker1/data/options_data.json
2026-04-12 11:57:35,863 INFO 📊 Options analysis — 2026-04-12 11:57:35
2026-04-12 11:57:36,117 INFO   BTC: 878 book summaries
2026-04-12 11:57:36,592 INFO   ETH: 756 book summaries
2026-04-12 11:57:36,893 INFO   Analisando BTC…
2026-04-12 11:57:37,175 ERROR   BTC análise falhou: 400 Client Error: Bad Request for url: https://www.deribit.com/api/v2/public/get_instruments?currency=BTC&kind=option&expired=False
Traceback (most recent call last):
  File "/home/runner/work/Whale-Tracker1/Whale-Tracker1/options_analyzer.py", line 289, in run_options_analysis
    instruments = get_instruments(currency)
                  ^^^^^^^^^^^^^^^^^^^^^^^^^
  File "/home/runner/work/Whale-Tracker1/Whale-Tracker1/options_analyzer.py", line 89, in get_instruments
    instruments = _get('get_instruments', {'currency': currency, 'kind':'option', 'expired':False})
                  ^^^^^^^^^^^^^^^^^^^^^^^^^^^^^^^^^^^^^^^^^^^^^^^^^^^^^^^^^^^^^^^^^^^^^^^^^^^^^^^^^
  File "/home/runner/work/Whale-Tracker1/Whale-Tracker1/options_analyzer.py", line 39, in _get
    r.raise_for_status()
  File "/opt/hostedtoolcache/Python/3.11.15/x64/lib/python3.11/site-packages/requests/models.py", line 1028, in raise_for_status
    raise HTTPError(http_error_msg, response=self)
requests.exceptions.HTTPError: 400 Client Error: Bad Request for url: https://www.deribit.com/api/v2/public/get_instruments?currency=BTC&kind=option&expired=False
2026-04-12 11:57:37,178 INFO   Analisando ETH…
2026-04-12 11:57:37,511 ERROR   ETH análise falhou: 400 Client Error: Bad Request for url: https://www.deribit.com/api/v2/public/get_instruments?currency=ETH&kind=option&expired=False
Traceback (most recent call last):
  File "/home/runner/work/Whale-Tracker1/Whale-Tracker1/options_analyzer.py", line 289, in run_options_analysis
    instruments = get_instruments(currency)
                  ^^^^^^^^^^^^^^^^^^^^^^^^^
  File "/home/runner/work/Whale-Tracker1/Whale-Tracker1/options_analyzer.py", line 89, in get_instruments
    instruments = _get('get_instruments', {'currency': currency, 'kind':'option', 'expired':False})
                  ^^^^^^^^^^^^^^^^^^^^^^^^^^^^^^^^^^^^^^^^^^^^^^^^^^^^^^^^^^^^^^^^^^^^^^^^^^^^^^^^^
  File "/home/runner/work/Whale-Tracker1/Whale-Tracker1/options_analyzer.py", line 39, in _get
    r.raise_for_status()
  File "/opt/hostedtoolcache/Python/3.11.15/x64/lib/python3.11/site-packages/requests/models.py", line 1028, in raise_for_status
    raise HTTPError(http_error_msg, response=self)
requests.exceptions.HTTPError: 400 Client Error: Bad Request for url: https://www.deribit.com/api/v2/public/get_instruments?currency=ETH&kind=option&expired=False
2026-04-12 11:57:37,513 WARNING   BTC: gerando fallback estruturado
2026-04-12 11:57:37,513 WARNING   ETH: gerando fallback estruturado
2026-04-12 11:57:37,514 INFO   ✅ Salvo em /home/runner/work/Whale-Tracker1/Whale-Tracker1/data/options_data.json
2026-04-12 13:40:07,528 INFO 📊 Options analysis — 2026-04-12 13:40:07
2026-04-12 13:40:07,784 INFO   BTC: 878 book summaries
2026-04-12 13:40:08,332 INFO   ETH: 756 book summaries
2026-04-12 13:40:08,634 INFO   Analisando BTC…
2026-04-12 13:40:08,987 ERROR   BTC análise falhou: 400 Client Error: Bad Request for url: https://www.deribit.com/api/v2/public/get_instruments?currency=BTC&kind=option&expired=False
Traceback (most recent call last):
  File "/home/runner/work/Whale-Tracker1/Whale-Tracker1/options_analyzer.py", line 289, in run_options_analysis
    instruments = get_instruments(currency)
                  ^^^^^^^^^^^^^^^^^^^^^^^^^
  File "/home/runner/work/Whale-Tracker1/Whale-Tracker1/options_analyzer.py", line 89, in get_instruments
    instruments = _get('get_instruments', {'currency': currency, 'kind':'option', 'expired':False})
                  ^^^^^^^^^^^^^^^^^^^^^^^^^^^^^^^^^^^^^^^^^^^^^^^^^^^^^^^^^^^^^^^^^^^^^^^^^^^^^^^^^
  File "/home/runner/work/Whale-Tracker1/Whale-Tracker1/options_analyzer.py", line 39, in _get
    r.raise_for_status()
  File "/opt/hostedtoolcache/Python/3.11.15/x64/lib/python3.11/site-packages/requests/models.py", line 1028, in raise_for_status
    raise HTTPError(http_error_msg, response=self)
requests.exceptions.HTTPError: 400 Client Error: Bad Request for url: https://www.deribit.com/api/v2/public/get_instruments?currency=BTC&kind=option&expired=False
2026-04-12 13:40:08,990 INFO   Analisando ETH…
2026-04-12 13:40:09,477 ERROR   ETH análise falhou: 400 Client Error: Bad Request for url: https://www.deribit.com/api/v2/public/get_instruments?currency=ETH&kind=option&expired=False
Traceback (most recent call last):
  File "/home/runner/work/Whale-Tracker1/Whale-Tracker1/options_analyzer.py", line 289, in run_options_analysis
    instruments = get_instruments(currency)
                  ^^^^^^^^^^^^^^^^^^^^^^^^^
  File "/home/runner/work/Whale-Tracker1/Whale-Tracker1/options_analyzer.py", line 89, in get_instruments
    instruments = _get('get_instruments', {'currency': currency, 'kind':'option', 'expired':False})
                  ^^^^^^^^^^^^^^^^^^^^^^^^^^^^^^^^^^^^^^^^^^^^^^^^^^^^^^^^^^^^^^^^^^^^^^^^^^^^^^^^^
  File "/home/runner/work/Whale-Tracker1/Whale-Tracker1/options_analyzer.py", line 39, in _get
    r.raise_for_status()
  File "/opt/hostedtoolcache/Python/3.11.15/x64/lib/python3.11/site-packages/requests/models.py", line 1028, in raise_for_status
    raise HTTPError(http_error_msg, response=self)
requests.exceptions.HTTPError: 400 Client Error: Bad Request for url: https://www.deribit.com/api/v2/public/get_instruments?currency=ETH&kind=option&expired=False
2026-04-12 13:40:09,479 WARNING   BTC: gerando fallback estruturado
2026-04-12 13:40:09,479 WARNING   ETH: gerando fallback estruturado
2026-04-12 13:40:09,480 INFO   ✅ Salvo em /home/runner/work/Whale-Tracker1/Whale-Tracker1/data/options_data.json
2026-04-12 15:05:36,710 INFO 📊 Options analysis — 2026-04-12 15:05:36
2026-04-12 15:05:37,026 INFO   BTC: 878 book summaries
2026-04-12 15:05:37,569 INFO   ETH: 756 book summaries
2026-04-12 15:05:37,870 INFO   Analisando BTC…
2026-04-12 15:05:38,380 ERROR   BTC análise falhou: 400 Client Error: Bad Request for url: https://www.deribit.com/api/v2/public/get_instruments?currency=BTC&kind=option&expired=False
Traceback (most recent call last):
  File "/home/runner/work/Whale-Tracker1/Whale-Tracker1/options_analyzer.py", line 289, in run_options_analysis
    instruments = get_instruments(currency)
                  ^^^^^^^^^^^^^^^^^^^^^^^^^
  File "/home/runner/work/Whale-Tracker1/Whale-Tracker1/options_analyzer.py", line 89, in get_instruments
    instruments = _get('get_instruments', {'currency': currency, 'kind':'option', 'expired':False})
                  ^^^^^^^^^^^^^^^^^^^^^^^^^^^^^^^^^^^^^^^^^^^^^^^^^^^^^^^^^^^^^^^^^^^^^^^^^^^^^^^^^
  File "/home/runner/work/Whale-Tracker1/Whale-Tracker1/options_analyzer.py", line 39, in _get
    r.raise_for_status()
  File "/opt/hostedtoolcache/Python/3.11.15/x64/lib/python3.11/site-packages/requests/models.py", line 1028, in raise_for_status
    raise HTTPError(http_error_msg, response=self)
requests.exceptions.HTTPError: 400 Client Error: Bad Request for url: https://www.deribit.com/api/v2/public/get_instruments?currency=BTC&kind=option&expired=False
2026-04-12 15:05:38,384 INFO   Analisando ETH…
2026-04-12 15:05:38,809 ERROR   ETH análise falhou: 400 Client Error: Bad Request for url: https://www.deribit.com/api/v2/public/get_instruments?currency=ETH&kind=option&expired=False
Traceback (most recent call last):
  File "/home/runner/work/Whale-Tracker1/Whale-Tracker1/options_analyzer.py", line 289, in run_options_analysis
    instruments = get_instruments(currency)
                  ^^^^^^^^^^^^^^^^^^^^^^^^^
  File "/home/runner/work/Whale-Tracker1/Whale-Tracker1/options_analyzer.py", line 89, in get_instruments
    instruments = _get('get_instruments', {'currency': currency, 'kind':'option', 'expired':False})
                  ^^^^^^^^^^^^^^^^^^^^^^^^^^^^^^^^^^^^^^^^^^^^^^^^^^^^^^^^^^^^^^^^^^^^^^^^^^^^^^^^^
  File "/home/runner/work/Whale-Tracker1/Whale-Tracker1/options_analyzer.py", line 39, in _get
    r.raise_for_status()
  File "/opt/hostedtoolcache/Python/3.11.15/x64/lib/python3.11/site-packages/requests/models.py", line 1028, in raise_for_status
    raise HTTPError(http_error_msg, response=self)
requests.exceptions.HTTPError: 400 Client Error: Bad Request for url: https://www.deribit.com/api/v2/public/get_instruments?currency=ETH&kind=option&expired=False
2026-04-12 15:05:38,811 WARNING   BTC: gerando fallback estruturado
2026-04-12 15:05:38,811 WARNING   ETH: gerando fallback estruturado
2026-04-12 15:05:38,812 INFO   ✅ Salvo em /home/runner/work/Whale-Tracker1/Whale-Tracker1/data/options_data.json
