2026-04-11 00:00:21,590 INFO 📊 Options analysis — 2026-04-11 00:00:21
2026-04-11 00:00:21,828 INFO   BTC: 886 book summaries
2026-04-11 00:00:22,317 INFO   ETH: 762 book summaries
2026-04-11 00:00:22,619 INFO   Analisando BTC…
2026-04-11 00:00:22,918 ERROR   BTC análise falhou: 400 Client Error: Bad Request for url: https://www.deribit.com/api/v2/public/get_instruments?currency=BTC&kind=option&expired=False
Traceback (most recent call last):
  File "/home/runner/work/Whale-Tracker1/Whale-Tracker1/options_analyzer.py", line 289, in run_options_analysis
    instruments = get_instruments(currency)
                  ^^^^^^^^^^^^^^^^^^^^^^^^^
  File "/home/runner/work/Whale-Tracker1/Whale-Tracker1/options_analyzer.py", line 89, in get_instruments
    instruments = _get('get_instruments', {'currency': currency, 'kind':'option', 'expired':False})
                  ^^^^^^^^^^^^^^^^^^^^^^^^^^^^^^^^^^^^^^^^^^^^^^^^^^^^^^^^^^^^^^^^^^^^^^^^^^^^^^^^^
  File "/home/runner/work/Whale-Tracker1/Whale-Tracker1/options_analyzer.py", line 39, in _get
    r.raise_for_status()
  File "/opt/hostedtoolcache/Python/3.11.15/x64/lib/python3.11/site-packages/requests/models.py", line 1028, in raise_for_status
    raise HTTPError(http_error_msg, response=self)
requests.exceptions.HTTPError: 400 Client Error: Bad Request for url: https://www.deribit.com/api/v2/public/get_instruments?currency=BTC&kind=option&expired=False
2026-04-11 00:00:22,921 INFO   Analisando ETH…
2026-04-11 00:00:23,185 ERROR   ETH análise falhou: 400 Client Error: Bad Request for url: https://www.deribit.com/api/v2/public/get_instruments?currency=ETH&kind=option&expired=False
Traceback (most recent call last):
  File "/home/runner/work/Whale-Tracker1/Whale-Tracker1/options_analyzer.py", line 289, in run_options_analysis
    instruments = get_instruments(currency)
                  ^^^^^^^^^^^^^^^^^^^^^^^^^
  File "/home/runner/work/Whale-Tracker1/Whale-Tracker1/options_analyzer.py", line 89, in get_instruments
    instruments = _get('get_instruments', {'currency': currency, 'kind':'option', 'expired':False})
                  ^^^^^^^^^^^^^^^^^^^^^^^^^^^^^^^^^^^^^^^^^^^^^^^^^^^^^^^^^^^^^^^^^^^^^^^^^^^^^^^^^
  File "/home/runner/work/Whale-Tracker1/Whale-Tracker1/options_analyzer.py", line 39, in _get
    r.raise_for_status()
  File "/opt/hostedtoolcache/Python/3.11.15/x64/lib/python3.11/site-packages/requests/models.py", line 1028, in raise_for_status
    raise HTTPError(http_error_msg, response=self)
requests.exceptions.HTTPError: 400 Client Error: Bad Request for url: https://www.deribit.com/api/v2/public/get_instruments?currency=ETH&kind=option&expired=False
2026-04-11 00:00:23,186 WARNING   BTC: gerando fallback estruturado
2026-04-11 00:00:23,186 WARNING   ETH: gerando fallback estruturado
2026-04-11 00:00:23,187 INFO   ✅ Salvo em /home/runner/work/Whale-Tracker1/Whale-Tracker1/data/options_data.json
2026-04-11 03:25:24,905 INFO 📊 Options analysis — 2026-04-11 03:25:24
2026-04-11 03:25:25,212 INFO   BTC: 886 book summaries
2026-04-11 03:25:25,769 INFO   ETH: 762 book summaries
2026-04-11 03:25:26,071 INFO   Analisando BTC…
2026-04-11 03:25:26,603 ERROR   BTC análise falhou: 400 Client Error: Bad Request for url: https://www.deribit.com/api/v2/public/get_instruments?currency=BTC&kind=option&expired=False
Traceback (most recent call last):
  File "/home/runner/work/Whale-Tracker1/Whale-Tracker1/options_analyzer.py", line 289, in run_options_analysis
    instruments = get_instruments(currency)
                  ^^^^^^^^^^^^^^^^^^^^^^^^^
  File "/home/runner/work/Whale-Tracker1/Whale-Tracker1/options_analyzer.py", line 89, in get_instruments
    instruments = _get('get_instruments', {'currency': currency, 'kind':'option', 'expired':False})
                  ^^^^^^^^^^^^^^^^^^^^^^^^^^^^^^^^^^^^^^^^^^^^^^^^^^^^^^^^^^^^^^^^^^^^^^^^^^^^^^^^^
  File "/home/runner/work/Whale-Tracker1/Whale-Tracker1/options_analyzer.py", line 39, in _get
    r.raise_for_status()
  File "/opt/hostedtoolcache/Python/3.11.15/x64/lib/python3.11/site-packages/requests/models.py", line 1028, in raise_for_status
    raise HTTPError(http_error_msg, response=self)
requests.exceptions.HTTPError: 400 Client Error: Bad Request for url: https://www.deribit.com/api/v2/public/get_instruments?currency=BTC&kind=option&expired=False
2026-04-11 03:25:26,605 INFO   Analisando ETH…
2026-04-11 03:25:27,069 ERROR   ETH análise falhou: 400 Client Error: Bad Request for url: https://www.deribit.com/api/v2/public/get_instruments?currency=ETH&kind=option&expired=False
Traceback (most recent call last):
  File "/home/runner/work/Whale-Tracker1/Whale-Tracker1/options_analyzer.py", line 289, in run_options_analysis
    instruments = get_instruments(currency)
                  ^^^^^^^^^^^^^^^^^^^^^^^^^
  File "/home/runner/work/Whale-Tracker1/Whale-Tracker1/options_analyzer.py", line 89, in get_instruments
    instruments = _get('get_instruments', {'currency': currency, 'kind':'option', 'expired':False})
                  ^^^^^^^^^^^^^^^^^^^^^^^^^^^^^^^^^^^^^^^^^^^^^^^^^^^^^^^^^^^^^^^^^^^^^^^^^^^^^^^^^
  File "/home/runner/work/Whale-Tracker1/Whale-Tracker1/options_analyzer.py", line 39, in _get
    r.raise_for_status()
  File "/opt/hostedtoolcache/Python/3.11.15/x64/lib/python3.11/site-packages/requests/models.py", line 1028, in raise_for_status
    raise HTTPError(http_error_msg, response=self)
requests.exceptions.HTTPError: 400 Client Error: Bad Request for url: https://www.deribit.com/api/v2/public/get_instruments?currency=ETH&kind=option&expired=False
2026-04-11 03:25:27,071 WARNING   BTC: gerando fallback estruturado
2026-04-11 03:25:27,071 WARNING   ETH: gerando fallback estruturado
2026-04-11 03:25:27,071 INFO   ✅ Salvo em /home/runner/work/Whale-Tracker1/Whale-Tracker1/data/options_data.json
2026-04-11 05:12:37,872 INFO 📊 Options analysis — 2026-04-11 05:12:37
2026-04-11 05:12:38,124 INFO   BTC: 886 book summaries
2026-04-11 05:12:38,671 INFO   ETH: 762 book summaries
2026-04-11 05:12:38,973 INFO   Analisando BTC…
2026-04-11 05:12:39,316 ERROR   BTC análise falhou: 400 Client Error: Bad Request for url: https://www.deribit.com/api/v2/public/get_instruments?currency=BTC&kind=option&expired=False
Traceback (most recent call last):
  File "/home/runner/work/Whale-Tracker1/Whale-Tracker1/options_analyzer.py", line 289, in run_options_analysis
    instruments = get_instruments(currency)
                  ^^^^^^^^^^^^^^^^^^^^^^^^^
  File "/home/runner/work/Whale-Tracker1/Whale-Tracker1/options_analyzer.py", line 89, in get_instruments
    instruments = _get('get_instruments', {'currency': currency, 'kind':'option', 'expired':False})
                  ^^^^^^^^^^^^^^^^^^^^^^^^^^^^^^^^^^^^^^^^^^^^^^^^^^^^^^^^^^^^^^^^^^^^^^^^^^^^^^^^^
  File "/home/runner/work/Whale-Tracker1/Whale-Tracker1/options_analyzer.py", line 39, in _get
    r.raise_for_status()
  File "/opt/hostedtoolcache/Python/3.11.15/x64/lib/python3.11/site-packages/requests/models.py", line 1028, in raise_for_status
    raise HTTPError(http_error_msg, response=self)
requests.exceptions.HTTPError: 400 Client Error: Bad Request for url: https://www.deribit.com/api/v2/public/get_instruments?currency=BTC&kind=option&expired=False
2026-04-11 05:12:39,319 INFO   Analisando ETH…
2026-04-11 05:12:39,681 ERROR   ETH análise falhou: 400 Client Error: Bad Request for url: https://www.deribit.com/api/v2/public/get_instruments?currency=ETH&kind=option&expired=False
Traceback (most recent call last):
  File "/home/runner/work/Whale-Tracker1/Whale-Tracker1/options_analyzer.py", line 289, in run_options_analysis
    instruments = get_instruments(currency)
                  ^^^^^^^^^^^^^^^^^^^^^^^^^
  File "/home/runner/work/Whale-Tracker1/Whale-Tracker1/options_analyzer.py", line 89, in get_instruments
    instruments = _get('get_instruments', {'currency': currency, 'kind':'option', 'expired':False})
                  ^^^^^^^^^^^^^^^^^^^^^^^^^^^^^^^^^^^^^^^^^^^^^^^^^^^^^^^^^^^^^^^^^^^^^^^^^^^^^^^^^
  File "/home/runner/work/Whale-Tracker1/Whale-Tracker1/options_analyzer.py", line 39, in _get
    r.raise_for_status()
  File "/opt/hostedtoolcache/Python/3.11.15/x64/lib/python3.11/site-packages/requests/models.py", line 1028, in raise_for_status
    raise HTTPError(http_error_msg, response=self)
requests.exceptions.HTTPError: 400 Client Error: Bad Request for url: https://www.deribit.com/api/v2/public/get_instruments?currency=ETH&kind=option&expired=False
2026-04-11 05:12:39,682 WARNING   BTC: gerando fallback estruturado
2026-04-11 05:12:39,683 WARNING   ETH: gerando fallback estruturado
2026-04-11 05:12:39,683 INFO   ✅ Salvo em /home/runner/work/Whale-Tracker1/Whale-Tracker1/data/options_data.json
