2026-04-17 00:05:34,905 INFO 📊 Options analysis — 2026-04-17 00:05:34
2026-04-17 00:05:35,312 INFO   BTC: 904 book summaries
2026-04-17 00:05:35,841 INFO   ETH: 778 book summaries
2026-04-17 00:05:36,142 INFO   Analisando BTC…
2026-04-17 00:05:36,527 ERROR   BTC análise falhou: 400 Client Error: Bad Request for url: https://www.deribit.com/api/v2/public/get_instruments?currency=BTC&kind=option&expired=False
Traceback (most recent call last):
  File "/home/runner/work/Whale-Tracker1/Whale-Tracker1/options_analyzer.py", line 289, in run_options_analysis
    instruments = get_instruments(currency)
                  ^^^^^^^^^^^^^^^^^^^^^^^^^
  File "/home/runner/work/Whale-Tracker1/Whale-Tracker1/options_analyzer.py", line 89, in get_instruments
    instruments = _get('get_instruments', {'currency': currency, 'kind':'option', 'expired':False})
                  ^^^^^^^^^^^^^^^^^^^^^^^^^^^^^^^^^^^^^^^^^^^^^^^^^^^^^^^^^^^^^^^^^^^^^^^^^^^^^^^^^
  File "/home/runner/work/Whale-Tracker1/Whale-Tracker1/options_analyzer.py", line 39, in _get
    r.raise_for_status()
  File "/opt/hostedtoolcache/Python/3.11.15/x64/lib/python3.11/site-packages/requests/models.py", line 1028, in raise_for_status
    raise HTTPError(http_error_msg, response=self)
requests.exceptions.HTTPError: 400 Client Error: Bad Request for url: https://www.deribit.com/api/v2/public/get_instruments?currency=BTC&kind=option&expired=False
2026-04-17 00:05:36,530 INFO   Analisando ETH…
2026-04-17 00:05:36,881 ERROR   ETH análise falhou: 400 Client Error: Bad Request for url: https://www.deribit.com/api/v2/public/get_instruments?currency=ETH&kind=option&expired=False
Traceback (most recent call last):
  File "/home/runner/work/Whale-Tracker1/Whale-Tracker1/options_analyzer.py", line 289, in run_options_analysis
    instruments = get_instruments(currency)
                  ^^^^^^^^^^^^^^^^^^^^^^^^^
  File "/home/runner/work/Whale-Tracker1/Whale-Tracker1/options_analyzer.py", line 89, in get_instruments
    instruments = _get('get_instruments', {'currency': currency, 'kind':'option', 'expired':False})
                  ^^^^^^^^^^^^^^^^^^^^^^^^^^^^^^^^^^^^^^^^^^^^^^^^^^^^^^^^^^^^^^^^^^^^^^^^^^^^^^^^^
  File "/home/runner/work/Whale-Tracker1/Whale-Tracker1/options_analyzer.py", line 39, in _get
    r.raise_for_status()
  File "/opt/hostedtoolcache/Python/3.11.15/x64/lib/python3.11/site-packages/requests/models.py", line 1028, in raise_for_status
    raise HTTPError(http_error_msg, response=self)
requests.exceptions.HTTPError: 400 Client Error: Bad Request for url: https://www.deribit.com/api/v2/public/get_instruments?currency=ETH&kind=option&expired=False
2026-04-17 00:05:36,883 WARNING   BTC: gerando fallback estruturado
2026-04-17 00:05:36,883 WARNING   ETH: gerando fallback estruturado
2026-04-17 00:05:36,883 INFO   ✅ Salvo em /home/runner/work/Whale-Tracker1/Whale-Tracker1/data/options_data.json
2026-04-17 03:51:30,871 INFO 📊 Options analysis — 2026-04-17 03:51:30
2026-04-17 03:51:31,065 INFO   BTC: 904 book summaries
2026-04-17 03:51:31,577 INFO   ETH: 778 book summaries
2026-04-17 03:51:31,879 INFO   Analisando BTC…
2026-04-17 03:51:32,223 ERROR   BTC análise falhou: 400 Client Error: Bad Request for url: https://www.deribit.com/api/v2/public/get_instruments?currency=BTC&kind=option&expired=False
Traceback (most recent call last):
  File "/home/runner/work/Whale-Tracker1/Whale-Tracker1/options_analyzer.py", line 289, in run_options_analysis
    instruments = get_instruments(currency)
                  ^^^^^^^^^^^^^^^^^^^^^^^^^
  File "/home/runner/work/Whale-Tracker1/Whale-Tracker1/options_analyzer.py", line 89, in get_instruments
    instruments = _get('get_instruments', {'currency': currency, 'kind':'option', 'expired':False})
                  ^^^^^^^^^^^^^^^^^^^^^^^^^^^^^^^^^^^^^^^^^^^^^^^^^^^^^^^^^^^^^^^^^^^^^^^^^^^^^^^^^
  File "/home/runner/work/Whale-Tracker1/Whale-Tracker1/options_analyzer.py", line 39, in _get
    r.raise_for_status()
  File "/opt/hostedtoolcache/Python/3.11.15/x64/lib/python3.11/site-packages/requests/models.py", line 1028, in raise_for_status
    raise HTTPError(http_error_msg, response=self)
requests.exceptions.HTTPError: 400 Client Error: Bad Request for url: https://www.deribit.com/api/v2/public/get_instruments?currency=BTC&kind=option&expired=False
2026-04-17 03:51:32,226 INFO   Analisando ETH…
2026-04-17 03:51:32,493 ERROR   ETH análise falhou: 400 Client Error: Bad Request for url: https://www.deribit.com/api/v2/public/get_instruments?currency=ETH&kind=option&expired=False
Traceback (most recent call last):
  File "/home/runner/work/Whale-Tracker1/Whale-Tracker1/options_analyzer.py", line 289, in run_options_analysis
    instruments = get_instruments(currency)
                  ^^^^^^^^^^^^^^^^^^^^^^^^^
  File "/home/runner/work/Whale-Tracker1/Whale-Tracker1/options_analyzer.py", line 89, in get_instruments
    instruments = _get('get_instruments', {'currency': currency, 'kind':'option', 'expired':False})
                  ^^^^^^^^^^^^^^^^^^^^^^^^^^^^^^^^^^^^^^^^^^^^^^^^^^^^^^^^^^^^^^^^^^^^^^^^^^^^^^^^^
  File "/home/runner/work/Whale-Tracker1/Whale-Tracker1/options_analyzer.py", line 39, in _get
    r.raise_for_status()
  File "/opt/hostedtoolcache/Python/3.11.15/x64/lib/python3.11/site-packages/requests/models.py", line 1028, in raise_for_status
    raise HTTPError(http_error_msg, response=self)
requests.exceptions.HTTPError: 400 Client Error: Bad Request for url: https://www.deribit.com/api/v2/public/get_instruments?currency=ETH&kind=option&expired=False
2026-04-17 03:51:32,495 WARNING   BTC: gerando fallback estruturado
2026-04-17 03:51:32,495 WARNING   ETH: gerando fallback estruturado
2026-04-17 03:51:32,495 INFO   ✅ Salvo em /home/runner/work/Whale-Tracker1/Whale-Tracker1/data/options_data.json
2026-04-17 06:20:09,380 INFO 📊 Options analysis — 2026-04-17 06:20:09
2026-04-17 06:20:09,579 INFO   BTC: 904 book summaries
2026-04-17 06:20:10,044 INFO   ETH: 778 book summaries
2026-04-17 06:20:10,346 INFO   Analisando BTC…
2026-04-17 06:20:10,701 ERROR   BTC análise falhou: 400 Client Error: Bad Request for url: https://www.deribit.com/api/v2/public/get_instruments?currency=BTC&kind=option&expired=False
Traceback (most recent call last):
  File "/home/runner/work/Whale-Tracker1/Whale-Tracker1/options_analyzer.py", line 289, in run_options_analysis
    instruments = get_instruments(currency)
                  ^^^^^^^^^^^^^^^^^^^^^^^^^
  File "/home/runner/work/Whale-Tracker1/Whale-Tracker1/options_analyzer.py", line 89, in get_instruments
    instruments = _get('get_instruments', {'currency': currency, 'kind':'option', 'expired':False})
                  ^^^^^^^^^^^^^^^^^^^^^^^^^^^^^^^^^^^^^^^^^^^^^^^^^^^^^^^^^^^^^^^^^^^^^^^^^^^^^^^^^
  File "/home/runner/work/Whale-Tracker1/Whale-Tracker1/options_analyzer.py", line 39, in _get
    r.raise_for_status()
  File "/opt/hostedtoolcache/Python/3.11.15/x64/lib/python3.11/site-packages/requests/models.py", line 1028, in raise_for_status
    raise HTTPError(http_error_msg, response=self)
requests.exceptions.HTTPError: 400 Client Error: Bad Request for url: https://www.deribit.com/api/v2/public/get_instruments?currency=BTC&kind=option&expired=False
2026-04-17 06:20:10,704 INFO   Analisando ETH…
2026-04-17 06:20:11,010 ERROR   ETH análise falhou: 400 Client Error: Bad Request for url: https://www.deribit.com/api/v2/public/get_instruments?currency=ETH&kind=option&expired=False
Traceback (most recent call last):
  File "/home/runner/work/Whale-Tracker1/Whale-Tracker1/options_analyzer.py", line 289, in run_options_analysis
    instruments = get_instruments(currency)
                  ^^^^^^^^^^^^^^^^^^^^^^^^^
  File "/home/runner/work/Whale-Tracker1/Whale-Tracker1/options_analyzer.py", line 89, in get_instruments
    instruments = _get('get_instruments', {'currency': currency, 'kind':'option', 'expired':False})
                  ^^^^^^^^^^^^^^^^^^^^^^^^^^^^^^^^^^^^^^^^^^^^^^^^^^^^^^^^^^^^^^^^^^^^^^^^^^^^^^^^^
  File "/home/runner/work/Whale-Tracker1/Whale-Tracker1/options_analyzer.py", line 39, in _get
    r.raise_for_status()
  File "/opt/hostedtoolcache/Python/3.11.15/x64/lib/python3.11/site-packages/requests/models.py", line 1028, in raise_for_status
    raise HTTPError(http_error_msg, response=self)
requests.exceptions.HTTPError: 400 Client Error: Bad Request for url: https://www.deribit.com/api/v2/public/get_instruments?currency=ETH&kind=option&expired=False
2026-04-17 06:20:11,012 WARNING   BTC: gerando fallback estruturado
2026-04-17 06:20:11,012 WARNING   ETH: gerando fallback estruturado
2026-04-17 06:20:11,012 INFO   ✅ Salvo em /home/runner/work/Whale-Tracker1/Whale-Tracker1/data/options_data.json
2026-04-17 08:12:40,471 INFO 📊 Options analysis — 2026-04-17 08:12:40
2026-04-17 08:12:40,703 INFO   BTC: 882 book summaries
2026-04-17 08:12:41,220 INFO   ETH: 762 book summaries
2026-04-17 08:12:41,521 INFO   Analisando BTC…
2026-04-17 08:12:41,896 ERROR   BTC análise falhou: 400 Client Error: Bad Request for url: https://www.deribit.com/api/v2/public/get_instruments?currency=BTC&kind=option&expired=False
Traceback (most recent call last):
  File "/home/runner/work/Whale-Tracker1/Whale-Tracker1/options_analyzer.py", line 289, in run_options_analysis
    instruments = get_instruments(currency)
                  ^^^^^^^^^^^^^^^^^^^^^^^^^
  File "/home/runner/work/Whale-Tracker1/Whale-Tracker1/options_analyzer.py", line 89, in get_instruments
    instruments = _get('get_instruments', {'currency': currency, 'kind':'option', 'expired':False})
                  ^^^^^^^^^^^^^^^^^^^^^^^^^^^^^^^^^^^^^^^^^^^^^^^^^^^^^^^^^^^^^^^^^^^^^^^^^^^^^^^^^
  File "/home/runner/work/Whale-Tracker1/Whale-Tracker1/options_analyzer.py", line 39, in _get
    r.raise_for_status()
  File "/opt/hostedtoolcache/Python/3.11.15/x64/lib/python3.11/site-packages/requests/models.py", line 1028, in raise_for_status
    raise HTTPError(http_error_msg, response=self)
requests.exceptions.HTTPError: 400 Client Error: Bad Request for url: https://www.deribit.com/api/v2/public/get_instruments?currency=BTC&kind=option&expired=False
2026-04-17 08:12:41,899 INFO   Analisando ETH…
2026-04-17 08:12:42,249 ERROR   ETH análise falhou: 400 Client Error: Bad Request for url: https://www.deribit.com/api/v2/public/get_instruments?currency=ETH&kind=option&expired=False
Traceback (most recent call last):
  File "/home/runner/work/Whale-Tracker1/Whale-Tracker1/options_analyzer.py", line 289, in run_options_analysis
    instruments = get_instruments(currency)
                  ^^^^^^^^^^^^^^^^^^^^^^^^^
  File "/home/runner/work/Whale-Tracker1/Whale-Tracker1/options_analyzer.py", line 89, in get_instruments
    instruments = _get('get_instruments', {'currency': currency, 'kind':'option', 'expired':False})
                  ^^^^^^^^^^^^^^^^^^^^^^^^^^^^^^^^^^^^^^^^^^^^^^^^^^^^^^^^^^^^^^^^^^^^^^^^^^^^^^^^^
  File "/home/runner/work/Whale-Tracker1/Whale-Tracker1/options_analyzer.py", line 39, in _get
    r.raise_for_status()
  File "/opt/hostedtoolcache/Python/3.11.15/x64/lib/python3.11/site-packages/requests/models.py", line 1028, in raise_for_status
    raise HTTPError(http_error_msg, response=self)
requests.exceptions.HTTPError: 400 Client Error: Bad Request for url: https://www.deribit.com/api/v2/public/get_instruments?currency=ETH&kind=option&expired=False
2026-04-17 08:12:42,251 WARNING   BTC: gerando fallback estruturado
2026-04-17 08:12:42,252 WARNING   ETH: gerando fallback estruturado
2026-04-17 08:12:42,252 INFO   ✅ Salvo em /home/runner/work/Whale-Tracker1/Whale-Tracker1/data/options_data.json
2026-04-17 09:54:45,157 INFO 📊 Options analysis — 2026-04-17 09:54:45
2026-04-17 09:54:45,432 INFO   BTC: 888 book summaries
2026-04-17 09:54:45,910 INFO   ETH: 764 book summaries
2026-04-17 09:54:46,212 INFO   Analisando BTC…
2026-04-17 09:54:46,517 ERROR   BTC análise falhou: 400 Client Error: Bad Request for url: https://www.deribit.com/api/v2/public/get_instruments?currency=BTC&kind=option&expired=False
Traceback (most recent call last):
  File "/home/runner/work/Whale-Tracker1/Whale-Tracker1/options_analyzer.py", line 289, in run_options_analysis
    instruments = get_instruments(currency)
                  ^^^^^^^^^^^^^^^^^^^^^^^^^
  File "/home/runner/work/Whale-Tracker1/Whale-Tracker1/options_analyzer.py", line 89, in get_instruments
    instruments = _get('get_instruments', {'currency': currency, 'kind':'option', 'expired':False})
                  ^^^^^^^^^^^^^^^^^^^^^^^^^^^^^^^^^^^^^^^^^^^^^^^^^^^^^^^^^^^^^^^^^^^^^^^^^^^^^^^^^
  File "/home/runner/work/Whale-Tracker1/Whale-Tracker1/options_analyzer.py", line 39, in _get
    r.raise_for_status()
  File "/opt/hostedtoolcache/Python/3.11.15/x64/lib/python3.11/site-packages/requests/models.py", line 1028, in raise_for_status
    raise HTTPError(http_error_msg, response=self)
requests.exceptions.HTTPError: 400 Client Error: Bad Request for url: https://www.deribit.com/api/v2/public/get_instruments?currency=BTC&kind=option&expired=False
2026-04-17 09:54:46,520 INFO   Analisando ETH…
2026-04-17 09:54:46,849 ERROR   ETH análise falhou: 400 Client Error: Bad Request for url: https://www.deribit.com/api/v2/public/get_instruments?currency=ETH&kind=option&expired=False
Traceback (most recent call last):
  File "/home/runner/work/Whale-Tracker1/Whale-Tracker1/options_analyzer.py", line 289, in run_options_analysis
    instruments = get_instruments(currency)
                  ^^^^^^^^^^^^^^^^^^^^^^^^^
  File "/home/runner/work/Whale-Tracker1/Whale-Tracker1/options_analyzer.py", line 89, in get_instruments
    instruments = _get('get_instruments', {'currency': currency, 'kind':'option', 'expired':False})
                  ^^^^^^^^^^^^^^^^^^^^^^^^^^^^^^^^^^^^^^^^^^^^^^^^^^^^^^^^^^^^^^^^^^^^^^^^^^^^^^^^^
  File "/home/runner/work/Whale-Tracker1/Whale-Tracker1/options_analyzer.py", line 39, in _get
    r.raise_for_status()
  File "/opt/hostedtoolcache/Python/3.11.15/x64/lib/python3.11/site-packages/requests/models.py", line 1028, in raise_for_status
    raise HTTPError(http_error_msg, response=self)
requests.exceptions.HTTPError: 400 Client Error: Bad Request for url: https://www.deribit.com/api/v2/public/get_instruments?currency=ETH&kind=option&expired=False
2026-04-17 09:54:46,850 WARNING   BTC: gerando fallback estruturado
2026-04-17 09:54:46,850 WARNING   ETH: gerando fallback estruturado
2026-04-17 09:54:46,850 INFO   ✅ Salvo em /home/runner/work/Whale-Tracker1/Whale-Tracker1/data/options_data.json
2026-04-17 11:31:03,111 INFO 📊 Options analysis — 2026-04-17 11:31:03
2026-04-17 11:31:03,386 INFO   BTC: 890 book summaries
2026-04-17 11:31:03,879 INFO   ETH: 764 book summaries
2026-04-17 11:31:04,180 INFO   Analisando BTC…
2026-04-17 11:31:04,580 ERROR   BTC análise falhou: 400 Client Error: Bad Request for url: https://www.deribit.com/api/v2/public/get_instruments?currency=BTC&kind=option&expired=False
Traceback (most recent call last):
  File "/home/runner/work/Whale-Tracker1/Whale-Tracker1/options_analyzer.py", line 289, in run_options_analysis
    instruments = get_instruments(currency)
                  ^^^^^^^^^^^^^^^^^^^^^^^^^
  File "/home/runner/work/Whale-Tracker1/Whale-Tracker1/options_analyzer.py", line 89, in get_instruments
    instruments = _get('get_instruments', {'currency': currency, 'kind':'option', 'expired':False})
                  ^^^^^^^^^^^^^^^^^^^^^^^^^^^^^^^^^^^^^^^^^^^^^^^^^^^^^^^^^^^^^^^^^^^^^^^^^^^^^^^^^
  File "/home/runner/work/Whale-Tracker1/Whale-Tracker1/options_analyzer.py", line 39, in _get
    r.raise_for_status()
  File "/opt/hostedtoolcache/Python/3.11.15/x64/lib/python3.11/site-packages/requests/models.py", line 1028, in raise_for_status
    raise HTTPError(http_error_msg, response=self)
requests.exceptions.HTTPError: 400 Client Error: Bad Request for url: https://www.deribit.com/api/v2/public/get_instruments?currency=BTC&kind=option&expired=False
2026-04-17 11:31:04,583 INFO   Analisando ETH…
2026-04-17 11:31:05,034 ERROR   ETH análise falhou: 400 Client Error: Bad Request for url: https://www.deribit.com/api/v2/public/get_instruments?currency=ETH&kind=option&expired=False
Traceback (most recent call last):
  File "/home/runner/work/Whale-Tracker1/Whale-Tracker1/options_analyzer.py", line 289, in run_options_analysis
    instruments = get_instruments(currency)
                  ^^^^^^^^^^^^^^^^^^^^^^^^^
  File "/home/runner/work/Whale-Tracker1/Whale-Tracker1/options_analyzer.py", line 89, in get_instruments
    instruments = _get('get_instruments', {'currency': currency, 'kind':'option', 'expired':False})
                  ^^^^^^^^^^^^^^^^^^^^^^^^^^^^^^^^^^^^^^^^^^^^^^^^^^^^^^^^^^^^^^^^^^^^^^^^^^^^^^^^^
  File "/home/runner/work/Whale-Tracker1/Whale-Tracker1/options_analyzer.py", line 39, in _get
    r.raise_for_status()
  File "/opt/hostedtoolcache/Python/3.11.15/x64/lib/python3.11/site-packages/requests/models.py", line 1028, in raise_for_status
    raise HTTPError(http_error_msg, response=self)
requests.exceptions.HTTPError: 400 Client Error: Bad Request for url: https://www.deribit.com/api/v2/public/get_instruments?currency=ETH&kind=option&expired=False
2026-04-17 11:31:05,036 WARNING   BTC: gerando fallback estruturado
2026-04-17 11:31:05,036 WARNING   ETH: gerando fallback estruturado
2026-04-17 11:31:05,036 INFO   ✅ Salvo em /home/runner/work/Whale-Tracker1/Whale-Tracker1/data/options_data.json
2026-04-17 14:03:42,038 INFO 📊 Options analysis — 2026-04-17 14:03:42
2026-04-17 14:03:42,472 INFO   BTC: 900 book summaries
2026-04-17 14:03:43,101 INFO   ETH: 774 book summaries
2026-04-17 14:03:43,402 INFO   Analisando BTC…
2026-04-17 14:03:43,847 ERROR   BTC análise falhou: 400 Client Error: Bad Request for url: https://www.deribit.com/api/v2/public/get_instruments?currency=BTC&kind=option&expired=False
Traceback (most recent call last):
  File "/home/runner/work/Whale-Tracker1/Whale-Tracker1/options_analyzer.py", line 289, in run_options_analysis
    instruments = get_instruments(currency)
                  ^^^^^^^^^^^^^^^^^^^^^^^^^
  File "/home/runner/work/Whale-Tracker1/Whale-Tracker1/options_analyzer.py", line 89, in get_instruments
    instruments = _get('get_instruments', {'currency': currency, 'kind':'option', 'expired':False})
                  ^^^^^^^^^^^^^^^^^^^^^^^^^^^^^^^^^^^^^^^^^^^^^^^^^^^^^^^^^^^^^^^^^^^^^^^^^^^^^^^^^
  File "/home/runner/work/Whale-Tracker1/Whale-Tracker1/options_analyzer.py", line 39, in _get
    r.raise_for_status()
  File "/opt/hostedtoolcache/Python/3.11.15/x64/lib/python3.11/site-packages/requests/models.py", line 1028, in raise_for_status
    raise HTTPError(http_error_msg, response=self)
requests.exceptions.HTTPError: 400 Client Error: Bad Request for url: https://www.deribit.com/api/v2/public/get_instruments?currency=BTC&kind=option&expired=False
2026-04-17 14:03:43,851 INFO   Analisando ETH…
2026-04-17 14:03:44,294 ERROR   ETH análise falhou: 400 Client Error: Bad Request for url: https://www.deribit.com/api/v2/public/get_instruments?currency=ETH&kind=option&expired=False
Traceback (most recent call last):
  File "/home/runner/work/Whale-Tracker1/Whale-Tracker1/options_analyzer.py", line 289, in run_options_analysis
    instruments = get_instruments(currency)
                  ^^^^^^^^^^^^^^^^^^^^^^^^^
  File "/home/runner/work/Whale-Tracker1/Whale-Tracker1/options_analyzer.py", line 89, in get_instruments
    instruments = _get('get_instruments', {'currency': currency, 'kind':'option', 'expired':False})
                  ^^^^^^^^^^^^^^^^^^^^^^^^^^^^^^^^^^^^^^^^^^^^^^^^^^^^^^^^^^^^^^^^^^^^^^^^^^^^^^^^^
  File "/home/runner/work/Whale-Tracker1/Whale-Tracker1/options_analyzer.py", line 39, in _get
    r.raise_for_status()
  File "/opt/hostedtoolcache/Python/3.11.15/x64/lib/python3.11/site-packages/requests/models.py", line 1028, in raise_for_status
    raise HTTPError(http_error_msg, response=self)
requests.exceptions.HTTPError: 400 Client Error: Bad Request for url: https://www.deribit.com/api/v2/public/get_instruments?currency=ETH&kind=option&expired=False
2026-04-17 14:03:44,296 WARNING   BTC: gerando fallback estruturado
2026-04-17 14:03:44,296 WARNING   ETH: gerando fallback estruturado
2026-04-17 14:03:44,297 INFO   ✅ Salvo em /home/runner/work/Whale-Tracker1/Whale-Tracker1/data/options_data.json
2026-04-17 15:36:32,289 INFO 📊 Options analysis — 2026-04-17 15:36:32
2026-04-17 15:36:32,526 INFO   BTC: 920 book summaries
2026-04-17 15:36:33,172 INFO   ETH: 778 book summaries
2026-04-17 15:36:33,473 INFO   Analisando BTC…
2026-04-17 15:36:33,888 ERROR   BTC análise falhou: 400 Client Error: Bad Request for url: https://www.deribit.com/api/v2/public/get_instruments?currency=BTC&kind=option&expired=False
Traceback (most recent call last):
  File "/home/runner/work/Whale-Tracker1/Whale-Tracker1/options_analyzer.py", line 289, in run_options_analysis
    instruments = get_instruments(currency)
                  ^^^^^^^^^^^^^^^^^^^^^^^^^
  File "/home/runner/work/Whale-Tracker1/Whale-Tracker1/options_analyzer.py", line 89, in get_instruments
    instruments = _get('get_instruments', {'currency': currency, 'kind':'option', 'expired':False})
                  ^^^^^^^^^^^^^^^^^^^^^^^^^^^^^^^^^^^^^^^^^^^^^^^^^^^^^^^^^^^^^^^^^^^^^^^^^^^^^^^^^
  File "/home/runner/work/Whale-Tracker1/Whale-Tracker1/options_analyzer.py", line 39, in _get
    r.raise_for_status()
  File "/opt/hostedtoolcache/Python/3.11.15/x64/lib/python3.11/site-packages/requests/models.py", line 1028, in raise_for_status
    raise HTTPError(http_error_msg, response=self)
requests.exceptions.HTTPError: 400 Client Error: Bad Request for url: https://www.deribit.com/api/v2/public/get_instruments?currency=BTC&kind=option&expired=False
2026-04-17 15:36:33,891 INFO   Analisando ETH…
2026-04-17 15:36:34,273 ERROR   ETH análise falhou: 400 Client Error: Bad Request for url: https://www.deribit.com/api/v2/public/get_instruments?currency=ETH&kind=option&expired=False
Traceback (most recent call last):
  File "/home/runner/work/Whale-Tracker1/Whale-Tracker1/options_analyzer.py", line 289, in run_options_analysis
    instruments = get_instruments(currency)
                  ^^^^^^^^^^^^^^^^^^^^^^^^^
  File "/home/runner/work/Whale-Tracker1/Whale-Tracker1/options_analyzer.py", line 89, in get_instruments
    instruments = _get('get_instruments', {'currency': currency, 'kind':'option', 'expired':False})
                  ^^^^^^^^^^^^^^^^^^^^^^^^^^^^^^^^^^^^^^^^^^^^^^^^^^^^^^^^^^^^^^^^^^^^^^^^^^^^^^^^^
  File "/home/runner/work/Whale-Tracker1/Whale-Tracker1/options_analyzer.py", line 39, in _get
    r.raise_for_status()
  File "/opt/hostedtoolcache/Python/3.11.15/x64/lib/python3.11/site-packages/requests/models.py", line 1028, in raise_for_status
    raise HTTPError(http_error_msg, response=self)
requests.exceptions.HTTPError: 400 Client Error: Bad Request for url: https://www.deribit.com/api/v2/public/get_instruments?currency=ETH&kind=option&expired=False
2026-04-17 15:36:34,274 WARNING   BTC: gerando fallback estruturado
2026-04-17 15:36:34,275 WARNING   ETH: gerando fallback estruturado
2026-04-17 15:36:34,275 INFO   ✅ Salvo em /home/runner/work/Whale-Tracker1/Whale-Tracker1/data/options_data.json
2026-04-17 17:14:27,573 INFO 📊 Options analysis — 2026-04-17 17:14:27
2026-04-17 17:14:27,839 INFO   BTC: 924 book summaries
2026-04-17 17:14:28,296 INFO   ETH: 782 book summaries
2026-04-17 17:14:28,597 INFO   Analisando BTC…
2026-04-17 17:14:28,930 ERROR   BTC análise falhou: 400 Client Error: Bad Request for url: https://www.deribit.com/api/v2/public/get_instruments?currency=BTC&kind=option&expired=False
Traceback (most recent call last):
  File "/home/runner/work/Whale-Tracker1/Whale-Tracker1/options_analyzer.py", line 289, in run_options_analysis
    instruments = get_instruments(currency)
                  ^^^^^^^^^^^^^^^^^^^^^^^^^
  File "/home/runner/work/Whale-Tracker1/Whale-Tracker1/options_analyzer.py", line 89, in get_instruments
    instruments = _get('get_instruments', {'currency': currency, 'kind':'option', 'expired':False})
                  ^^^^^^^^^^^^^^^^^^^^^^^^^^^^^^^^^^^^^^^^^^^^^^^^^^^^^^^^^^^^^^^^^^^^^^^^^^^^^^^^^
  File "/home/runner/work/Whale-Tracker1/Whale-Tracker1/options_analyzer.py", line 39, in _get
    r.raise_for_status()
  File "/opt/hostedtoolcache/Python/3.11.15/x64/lib/python3.11/site-packages/requests/models.py", line 1028, in raise_for_status
    raise HTTPError(http_error_msg, response=self)
requests.exceptions.HTTPError: 400 Client Error: Bad Request for url: https://www.deribit.com/api/v2/public/get_instruments?currency=BTC&kind=option&expired=False
2026-04-17 17:14:28,933 INFO   Analisando ETH…
2026-04-17 17:14:29,238 ERROR   ETH análise falhou: 400 Client Error: Bad Request for url: https://www.deribit.com/api/v2/public/get_instruments?currency=ETH&kind=option&expired=False
Traceback (most recent call last):
  File "/home/runner/work/Whale-Tracker1/Whale-Tracker1/options_analyzer.py", line 289, in run_options_analysis
    instruments = get_instruments(currency)
                  ^^^^^^^^^^^^^^^^^^^^^^^^^
  File "/home/runner/work/Whale-Tracker1/Whale-Tracker1/options_analyzer.py", line 89, in get_instruments
    instruments = _get('get_instruments', {'currency': currency, 'kind':'option', 'expired':False})
                  ^^^^^^^^^^^^^^^^^^^^^^^^^^^^^^^^^^^^^^^^^^^^^^^^^^^^^^^^^^^^^^^^^^^^^^^^^^^^^^^^^
  File "/home/runner/work/Whale-Tracker1/Whale-Tracker1/options_analyzer.py", line 39, in _get
    r.raise_for_status()
  File "/opt/hostedtoolcache/Python/3.11.15/x64/lib/python3.11/site-packages/requests/models.py", line 1028, in raise_for_status
    raise HTTPError(http_error_msg, response=self)
requests.exceptions.HTTPError: 400 Client Error: Bad Request for url: https://www.deribit.com/api/v2/public/get_instruments?currency=ETH&kind=option&expired=False
2026-04-17 17:14:29,239 WARNING   BTC: gerando fallback estruturado
2026-04-17 17:14:29,240 WARNING   ETH: gerando fallback estruturado
2026-04-17 17:14:29,240 INFO   ✅ Salvo em /home/runner/work/Whale-Tracker1/Whale-Tracker1/data/options_data.json
2026-04-17 18:12:31,127 INFO 📊 Options analysis — 2026-04-17 18:12:31
2026-04-17 18:12:31,305 INFO   BTC: 930 book summaries
2026-04-17 18:12:31,832 INFO   ETH: 786 book summaries
2026-04-17 18:12:32,133 INFO   Analisando BTC…
2026-04-17 18:12:32,395 ERROR   BTC análise falhou: 400 Client Error: Bad Request for url: https://www.deribit.com/api/v2/public/get_instruments?currency=BTC&kind=option&expired=False
Traceback (most recent call last):
  File "/home/runner/work/Whale-Tracker1/Whale-Tracker1/options_analyzer.py", line 289, in run_options_analysis
    instruments = get_instruments(currency)
                  ^^^^^^^^^^^^^^^^^^^^^^^^^
  File "/home/runner/work/Whale-Tracker1/Whale-Tracker1/options_analyzer.py", line 89, in get_instruments
    instruments = _get('get_instruments', {'currency': currency, 'kind':'option', 'expired':False})
                  ^^^^^^^^^^^^^^^^^^^^^^^^^^^^^^^^^^^^^^^^^^^^^^^^^^^^^^^^^^^^^^^^^^^^^^^^^^^^^^^^^
  File "/home/runner/work/Whale-Tracker1/Whale-Tracker1/options_analyzer.py", line 39, in _get
    r.raise_for_status()
  File "/opt/hostedtoolcache/Python/3.11.15/x64/lib/python3.11/site-packages/requests/models.py", line 1028, in raise_for_status
    raise HTTPError(http_error_msg, response=self)
requests.exceptions.HTTPError: 400 Client Error: Bad Request for url: https://www.deribit.com/api/v2/public/get_instruments?currency=BTC&kind=option&expired=False
2026-04-17 18:12:32,397 INFO   Analisando ETH…
2026-04-17 18:12:32,722 ERROR   ETH análise falhou: 400 Client Error: Bad Request for url: https://www.deribit.com/api/v2/public/get_instruments?currency=ETH&kind=option&expired=False
Traceback (most recent call last):
  File "/home/runner/work/Whale-Tracker1/Whale-Tracker1/options_analyzer.py", line 289, in run_options_analysis
    instruments = get_instruments(currency)
                  ^^^^^^^^^^^^^^^^^^^^^^^^^
  File "/home/runner/work/Whale-Tracker1/Whale-Tracker1/options_analyzer.py", line 89, in get_instruments
    instruments = _get('get_instruments', {'currency': currency, 'kind':'option', 'expired':False})
                  ^^^^^^^^^^^^^^^^^^^^^^^^^^^^^^^^^^^^^^^^^^^^^^^^^^^^^^^^^^^^^^^^^^^^^^^^^^^^^^^^^
  File "/home/runner/work/Whale-Tracker1/Whale-Tracker1/options_analyzer.py", line 39, in _get
    r.raise_for_status()
  File "/opt/hostedtoolcache/Python/3.11.15/x64/lib/python3.11/site-packages/requests/models.py", line 1028, in raise_for_status
    raise HTTPError(http_error_msg, response=self)
requests.exceptions.HTTPError: 400 Client Error: Bad Request for url: https://www.deribit.com/api/v2/public/get_instruments?currency=ETH&kind=option&expired=False
2026-04-17 18:12:32,724 WARNING   BTC: gerando fallback estruturado
2026-04-17 18:12:32,724 WARNING   ETH: gerando fallback estruturado
2026-04-17 18:12:32,724 INFO   ✅ Salvo em /home/runner/work/Whale-Tracker1/Whale-Tracker1/data/options_data.json
2026-04-17 19:37:58,956 INFO 📊 Options analysis — 2026-04-17 19:37:58
2026-04-17 19:37:59,211 INFO   BTC: 930 book summaries
2026-04-17 19:37:59,809 INFO   ETH: 786 book summaries
2026-04-17 19:38:00,110 INFO   Analisando BTC…
2026-04-17 19:38:00,409 ERROR   BTC análise falhou: 400 Client Error: Bad Request for url: https://www.deribit.com/api/v2/public/get_instruments?currency=BTC&kind=option&expired=False
Traceback (most recent call last):
  File "/home/runner/work/Whale-Tracker1/Whale-Tracker1/options_analyzer.py", line 289, in run_options_analysis
    instruments = get_instruments(currency)
                  ^^^^^^^^^^^^^^^^^^^^^^^^^
  File "/home/runner/work/Whale-Tracker1/Whale-Tracker1/options_analyzer.py", line 89, in get_instruments
    instruments = _get('get_instruments', {'currency': currency, 'kind':'option', 'expired':False})
                  ^^^^^^^^^^^^^^^^^^^^^^^^^^^^^^^^^^^^^^^^^^^^^^^^^^^^^^^^^^^^^^^^^^^^^^^^^^^^^^^^^
  File "/home/runner/work/Whale-Tracker1/Whale-Tracker1/options_analyzer.py", line 39, in _get
    r.raise_for_status()
  File "/opt/hostedtoolcache/Python/3.11.15/x64/lib/python3.11/site-packages/requests/models.py", line 1028, in raise_for_status
    raise HTTPError(http_error_msg, response=self)
requests.exceptions.HTTPError: 400 Client Error: Bad Request for url: https://www.deribit.com/api/v2/public/get_instruments?currency=BTC&kind=option&expired=False
2026-04-17 19:38:00,412 INFO   Analisando ETH…
2026-04-17 19:38:00,759 ERROR   ETH análise falhou: 400 Client Error: Bad Request for url: https://www.deribit.com/api/v2/public/get_instruments?currency=ETH&kind=option&expired=False
Traceback (most recent call last):
  File "/home/runner/work/Whale-Tracker1/Whale-Tracker1/options_analyzer.py", line 289, in run_options_analysis
    instruments = get_instruments(currency)
                  ^^^^^^^^^^^^^^^^^^^^^^^^^
  File "/home/runner/work/Whale-Tracker1/Whale-Tracker1/options_analyzer.py", line 89, in get_instruments
    instruments = _get('get_instruments', {'currency': currency, 'kind':'option', 'expired':False})
                  ^^^^^^^^^^^^^^^^^^^^^^^^^^^^^^^^^^^^^^^^^^^^^^^^^^^^^^^^^^^^^^^^^^^^^^^^^^^^^^^^^
  File "/home/runner/work/Whale-Tracker1/Whale-Tracker1/options_analyzer.py", line 39, in _get
    r.raise_for_status()
  File "/opt/hostedtoolcache/Python/3.11.15/x64/lib/python3.11/site-packages/requests/models.py", line 1028, in raise_for_status
    raise HTTPError(http_error_msg, response=self)
requests.exceptions.HTTPError: 400 Client Error: Bad Request for url: https://www.deribit.com/api/v2/public/get_instruments?currency=ETH&kind=option&expired=False
2026-04-17 19:38:00,760 WARNING   BTC: gerando fallback estruturado
2026-04-17 19:38:00,760 WARNING   ETH: gerando fallback estruturado
2026-04-17 19:38:00,761 INFO   ✅ Salvo em /home/runner/work/Whale-Tracker1/Whale-Tracker1/data/options_data.json
