2026-03-29 00:45:57,357  INFO  ━━━━━━━━━━━━━━━━━━━━━━━━━━━━━━━━━━━━━━━━━━━━━━━━━━
2026-03-29 00:45:57,357  INFO  🐋 Iniciando coleta…
2026-03-29 00:45:59,115  INFO    Coletando posições de 25 baleias…
2026-03-29 00:46:10,980  INFO    📣 Telegram: enviado
2026-03-29 00:46:10,980  INFO    ✅ Sinal: BEARISH  (28.1% L / 71.9% S)  BTC $66,384
2026-03-29 03:18:01,892  INFO  ━━━━━━━━━━━━━━━━━━━━━━━━━━━━━━━━━━━━━━━━━━━━━━━━━━
2026-03-29 03:18:01,892  INFO  🐋 Iniciando coleta…
2026-03-29 03:18:03,338  INFO    Coletando posições de 100 baleias…
2026-03-29 03:18:42,536  INFO    📣 Telegram: suprimido
2026-03-29 03:18:42,536  INFO    ✅ Sinal: BEARISH  (18.4% L / 81.6% S)  BTC $67,026
2026-03-29 03:33:25,989 INFO ━━━━━━━━━━━━━━━━━━━━━━━━━━━━━━━━━━━━━━━━━━━━━━━━━━
2026-03-29 03:33:25,989 INFO 🐋 Iniciando coleta…
2026-03-29 03:33:27,294 INFO  Coletando posições de 100 baleias…
2026-03-29 03:34:03,301 INFO   📣 Telegram: suprimido
2026-03-29 03:34:03,301 INFO   ✅ Sinal: BEARISH (18.8% L / 81.2% S) BTC $66,934
2026-03-29 03:56:46,967 INFO ━━━━━━━━━━━━━━━━━━━━━━━━━━━━━━━━━━━━━━━━━━━━━━━━━━
2026-03-29 03:56:46,967 INFO 🐋 Iniciando coleta…
2026-03-29 03:56:48,172 INFO  Coletando posições de 100 baleias…
2026-03-29 03:57:27,673 INFO   📣 Telegram: enviado
2026-03-29 03:57:27,674 INFO   ✅ Sinal: BEARISH (18.8% L / 81.2% S) BTC $66,898
